[    1267ms] [ERROR] Access to XMLHttpRequest at 'https://automate-sorento.foundryx.my/cdn-cgi/rum?' from origin 'null' has been blocked by CORS policy: Response to preflight request doesn't pass access control check: No 'Access-Control-Allow-Origin' header is present on the requested resource. @ https://automate-sorento.foundryx.my/webhook/failover-console:0
[    1268ms] [ERROR] Failed to load resource: net::ERR_FAILED @ https://automate-sorento.foundryx.my/cdn-cgi/rum?:0
[   39190ms] [ERROR] Access to XMLHttpRequest at 'https://automate-sorento.foundryx.my/cdn-cgi/rum?' from origin 'null' has been blocked by CORS policy: Response to preflight request doesn't pass access control check: No 'Access-Control-Allow-Origin' header is present on the requested resource. @ https://automate-sorento.foundryx.my/webhook/failover-console:0
[   39190ms] [ERROR] Failed to load resource: net::ERR_FAILED @ https://automate-sorento.foundryx.my/cdn-cgi/rum?:0
[   57045ms] [ERROR] Access to XMLHttpRequest at 'https://automate-sorento.foundryx.my/cdn-cgi/rum?' from origin 'null' has been blocked by CORS policy: Response to preflight request doesn't pass access control check: No 'Access-Control-Allow-Origin' header is present on the requested resource. @ https://automate-sorento.foundryx.my/webhook/failover-console:0
[   57045ms] [ERROR] Failed to load resource: net::ERR_FAILED @ https://automate-sorento.foundryx.my/cdn-cgi/rum?:0
[   83051ms] [ERROR] Access to XMLHttpRequest at 'https://automate-sorento.foundryx.my/cdn-cgi/rum?' from origin 'null' has been blocked by CORS policy: Response to preflight request doesn't pass access control check: No 'Access-Control-Allow-Origin' header is present on the requested resource. @ https://automate-sorento.foundryx.my/webhook/failover-console:0
[   83051ms] [ERROR] Failed to load resource: net::ERR_FAILED @ https://automate-sorento.foundryx.my/cdn-cgi/rum?:0
[  129909ms] [ERROR] Access to XMLHttpRequest at 'https://automate-sorento.foundryx.my/cdn-cgi/rum?' from origin 'null' has been blocked by CORS policy: Response to preflight request doesn't pass access control check: No 'Access-Control-Allow-Origin' header is present on the requested resource. @ https://automate-sorento.foundryx.my/webhook/failover-console:0
[  129910ms] [ERROR] Failed to load resource: net::ERR_FAILED @ https://automate-sorento.foundryx.my/cdn-cgi/rum?:0
[  132484ms] [ERROR] Access to XMLHttpRequest at 'https://automate-sorento.foundryx.my/cdn-cgi/rum?' from origin 'null' has been blocked by CORS policy: Response to preflight request doesn't pass access control check: No 'Access-Control-Allow-Origin' header is present on the requested resource. @ https://automate-sorento.foundryx.my/webhook/failover-console?action=tick:0
[  132484ms] [ERROR] Failed to load resource: net::ERR_FAILED @ https://automate-sorento.foundryx.my/cdn-cgi/rum?:0
[  135115ms] [ERROR] Access to XMLHttpRequest at 'https://automate-sorento.foundryx.my/cdn-cgi/rum?' from origin 'null' has been blocked by CORS policy: Response to preflight request doesn't pass access control check: No 'Access-Control-Allow-Origin' header is present on the requested resource. @ https://automate-sorento.foundryx.my/webhook/failover-console?action=tick:0
[  135115ms] [ERROR] Failed to load resource: net::ERR_FAILED @ https://automate-sorento.foundryx.my/cdn-cgi/rum?:0
[  137760ms] [ERROR] Access to XMLHttpRequest at 'https://automate-sorento.foundryx.my/cdn-cgi/rum?' from origin 'null' has been blocked by CORS policy: Response to preflight request doesn't pass access control check: No 'Access-Control-Allow-Origin' header is present on the requested resource. @ https://automate-sorento.foundryx.my/webhook/failover-console?action=tick:0
[  137761ms] [ERROR] Failed to load resource: net::ERR_FAILED @ https://automate-sorento.foundryx.my/cdn-cgi/rum?:0
[  140322ms] [ERROR] Access to XMLHttpRequest at 'https://automate-sorento.foundryx.my/cdn-cgi/rum?' from origin 'null' has been blocked by CORS policy: Response to preflight request doesn't pass access control check: No 'Access-Control-Allow-Origin' header is present on the requested resource. @ https://automate-sorento.foundryx.my/webhook/failover-console?action=tick:0
[  140322ms] [ERROR] Failed to load resource: net::ERR_FAILED @ https://automate-sorento.foundryx.my/cdn-cgi/rum?:0
[  142946ms] [ERROR] Access to XMLHttpRequest at 'https://automate-sorento.foundryx.my/cdn-cgi/rum?' from origin 'null' has been blocked by CORS policy: Response to preflight request doesn't pass access control check: No 'Access-Control-Allow-Origin' header is present on the requested resource. @ https://automate-sorento.foundryx.my/webhook/failover-console?action=tick:0
[  142946ms] [ERROR] Failed to load resource: net::ERR_FAILED @ https://automate-sorento.foundryx.my/cdn-cgi/rum?:0
