[     797ms] [VERBOSE] [DOM] Input elements should have autocomplete attributes (suggested: "current-password"): (More info: https://goo.gl/9p2vKq) %o @ http://localhost:3020/signin:0
[   22014ms] [ERROR] Access to fetch at 'http://localhost:8011/api/v1/user-management/users/me/permissions' from origin 'http://localhost:3020' has been blocked by CORS policy: Response to preflight request doesn't pass access control check: No 'Access-Control-Allow-Origin' header is present on the requested resource. @ http://localhost:3020/:0
[   22016ms] [ERROR] Failed to load resource: net::ERR_FAILED @ http://localhost:8011/api/v1/user-management/users/me/permissions:0
[   22017ms] [ERROR] Access to fetch at 'http://localhost:8011/api/v1/user-management/quick-access' from origin 'http://localhost:3020' has been blocked by CORS policy: Response to preflight request doesn't pass access control check: No 'Access-Control-Allow-Origin' header is present on the requested resource. @ http://localhost:3020/:0
[   22017ms] [ERROR] Failed to load resource: net::ERR_FAILED @ http://localhost:8011/api/v1/user-management/quick-access:0
[   22017ms] [ERROR] Access to fetch at 'http://localhost:8011/api/v1/system/modules/me' from origin 'http://localhost:3020' has been blocked by CORS policy: Response to preflight request doesn't pass access control check: No 'Access-Control-Allow-Origin' header is present on the requested resource. @ http://localhost:3020/:0
[   22017ms] [ERROR] Failed to load resource: net::ERR_FAILED @ http://localhost:8011/api/v1/system/modules/me:0
[   22017ms] [ERROR] Access to fetch at 'http://localhost:8011/api/v1/resource-management/upload-activity?scope=me' from origin 'http://localhost:3020' has been blocked by CORS policy: Response to preflight request doesn't pass access control check: No 'Access-Control-Allow-Origin' header is present on the requested resource. @ http://localhost:3020/:0
[   22017ms] [ERROR] Failed to load resource: net::ERR_FAILED @ http://localhost:8011/api/v1/resource-management/upload-activity?scope=me:0
[   22017ms] [ERROR] Access to fetch at 'http://localhost:8011/api/v1/system/companies/my-context' from origin 'http://localhost:3020' has been blocked by CORS policy: Response to preflight request doesn't pass access control check: No 'Access-Control-Allow-Origin' header is present on the requested resource. @ http://localhost:3020/:0
[   22017ms] [ERROR] Failed to load resource: net::ERR_FAILED @ http://localhost:8011/api/v1/system/companies/my-context:0
[   22017ms] [ERROR] Access to fetch at 'http://localhost:8011/api/v1/notifications/unread-count?include_archived=false' from origin 'http://localhost:3020' has been blocked by CORS policy: Response to preflight request doesn't pass access control check: No 'Access-Control-Allow-Origin' header is present on the requested resource. @ http://localhost:3020/:0
[   22017ms] [ERROR] Failed to load resource: net::ERR_FAILED @ http://localhost:8011/api/v1/notifications/unread-count?include_archived=false:0
[   22024ms] [ERROR] Access to fetch at 'http://localhost:8011/api/v1/downloads?limit=50' from origin 'http://localhost:3020' has been blocked by CORS policy: Response to preflight request doesn't pass access control check: No 'Access-Control-Allow-Origin' header is present on the requested resource. @ http://localhost:3020/:0
[   22024ms] [ERROR] Failed to load resource: net::ERR_FAILED @ http://localhost:8011/api/v1/downloads?limit=50:0
[   22025ms] [ERROR] Access to fetch at 'http://localhost:8011/api/v1/user-management/impersonation/current' from origin 'http://localhost:3020' has been blocked by CORS policy: Response to preflight request doesn't pass access control check: No 'Access-Control-Allow-Origin' header is present on the requested resource. @ http://localhost:3020/:0
[   22025ms] [ERROR] Failed to load resource: net::ERR_FAILED @ http://localhost:8011/api/v1/user-management/impersonation/current:0
[   22045ms] [ERROR] Access to fetch at 'http://localhost:8011/api/v1/sla-management/conversation-sla-tracking/my-pending?limit=1000' from origin 'http://localhost:3020' has been blocked by CORS policy: Response to preflight request doesn't pass access control check: No 'Access-Control-Allow-Origin' header is present on the requested resource. @ http://localhost:3020/:0
[   22046ms] [ERROR] Failed to load resource: net::ERR_FAILED @ http://localhost:8011/api/v1/sla-management/conversation-sla-tracking/my-pending?limit=1000:0
[   23029ms] [ERROR] Access to fetch at 'http://localhost:8011/api/v1/user-management/users/me/permissions' from origin 'http://localhost:3020' has been blocked by CORS policy: Response to preflight request doesn't pass access control check: No 'Access-Control-Allow-Origin' header is present on the requested resource. @ http://localhost:3020/:0
[   23029ms] [ERROR] Failed to load resource: net::ERR_FAILED @ http://localhost:8011/api/v1/user-management/users/me/permissions:0
[   23030ms] [ERROR] Access to fetch at 'http://localhost:8011/api/v1/user-management/quick-access' from origin 'http://localhost:3020' has been blocked by CORS policy: Response to preflight request doesn't pass access control check: No 'Access-Control-Allow-Origin' header is present on the requested resource. @ http://localhost:3020/:0
[   23030ms] [ERROR] Failed to load resource: net::ERR_FAILED @ http://localhost:8011/api/v1/user-management/quick-access:0
[   23030ms] [ERROR] Access to fetch at 'http://localhost:8011/api/v1/resource-management/upload-activity?scope=me' from origin 'http://localhost:3020' has been blocked by CORS policy: Response to preflight request doesn't pass access control check: No 'Access-Control-Allow-Origin' header is present on the requested resource. @ http://localhost:3020/:0
[   23030ms] [ERROR] Failed to load resource: net::ERR_FAILED @ http://localhost:8011/api/v1/resource-management/upload-activity?scope=me:0
[   23030ms] [ERROR] Access to fetch at 'http://localhost:8011/api/v1/system/modules/me' from origin 'http://localhost:3020' has been blocked by CORS policy: Response to preflight request doesn't pass access control check: No 'Access-Control-Allow-Origin' header is present on the requested resource. @ http://localhost:3020/:0
[   23030ms] [ERROR] Failed to load resource: net::ERR_FAILED @ http://localhost:8011/api/v1/system/modules/me:0
[   23031ms] [ERROR] Access to fetch at 'http://localhost:8011/api/v1/notifications/unread-count?include_archived=false' from origin 'http://localhost:3020' has been blocked by CORS policy: Response to preflight request doesn't pass access control check: No 'Access-Control-Allow-Origin' header is present on the requested resource. @ http://localhost:3020/:0
[   23031ms] [ERROR] Failed to load resource: net::ERR_FAILED @ http://localhost:8011/api/v1/notifications/unread-count?include_archived=false:0
[   23034ms] [ERROR] Access to fetch at 'http://localhost:8011/api/v1/system/companies/my-context' from origin 'http://localhost:3020' has been blocked by CORS policy: Response to preflight request doesn't pass access control check: No 'Access-Control-Allow-Origin' header is present on the requested resource. @ http://localhost:3020/:0
[   23034ms] [ERROR] Failed to load resource: net::ERR_FAILED @ http://localhost:8011/api/v1/system/companies/my-context:0
[   23034ms] [ERROR] Access to fetch at 'http://localhost:8011/api/v1/downloads?limit=50' from origin 'http://localhost:3020' has been blocked by CORS policy: Response to preflight request doesn't pass access control check: No 'Access-Control-Allow-Origin' header is present on the requested resource. @ http://localhost:3020/:0
[   23034ms] [ERROR] Failed to load resource: net::ERR_FAILED @ http://localhost:8011/api/v1/downloads?limit=50:0
[   25056ms] [ERROR] Access to fetch at 'http://localhost:8011/api/v1/downloads?limit=50' from origin 'http://localhost:3020' has been blocked by CORS policy: Response to preflight request doesn't pass access control check: No 'Access-Control-Allow-Origin' header is present on the requested resource. @ http://localhost:3020/:0
[   25056ms] [ERROR] Failed to load resource: net::ERR_FAILED @ http://localhost:8011/api/v1/downloads?limit=50:0
[   25057ms] [ERROR] Access to fetch at 'http://localhost:8011/api/v1/resource-management/upload-activity?scope=me' from origin 'http://localhost:3020' has been blocked by CORS policy: Response to preflight request doesn't pass access control check: No 'Access-Control-Allow-Origin' header is present on the requested resource. @ http://localhost:3020/:0
[   25057ms] [ERROR] Failed to load resource: net::ERR_FAILED @ http://localhost:8011/api/v1/resource-management/upload-activity?scope=me:0
[   25057ms] [ERROR] Access to fetch at 'http://localhost:8011/api/v1/user-management/users/me/permissions' from origin 'http://localhost:3020' has been blocked by CORS policy: Response to preflight request doesn't pass access control check: No 'Access-Control-Allow-Origin' header is present on the requested resource. @ http://localhost:3020/:0
[   25057ms] [ERROR] Failed to load resource: net::ERR_FAILED @ http://localhost:8011/api/v1/user-management/users/me/permissions:0
[   25058ms] [ERROR] Access to fetch at 'http://localhost:8011/api/v1/notifications/unread-count?include_archived=false' from origin 'http://localhost:3020' has been blocked by CORS policy: Response to preflight request doesn't pass access control check: No 'Access-Control-Allow-Origin' header is present on the requested resource. @ http://localhost:3020/:0
[   25058ms] [ERROR] Failed to load resource: net::ERR_FAILED @ http://localhost:8011/api/v1/notifications/unread-count?include_archived=false:0
[   25058ms] [ERROR] Access to fetch at 'http://localhost:8011/api/v1/user-management/quick-access' from origin 'http://localhost:3020' has been blocked by CORS policy: Response to preflight request doesn't pass access control check: No 'Access-Control-Allow-Origin' header is present on the requested resource. @ http://localhost:3020/:0
[   25058ms] [ERROR] Failed to load resource: net::ERR_FAILED @ http://localhost:8011/api/v1/user-management/quick-access:0
[   29066ms] [ERROR] Access to fetch at 'http://localhost:8011/api/v1/downloads?limit=50' from origin 'http://localhost:3020' has been blocked by CORS policy: Response to preflight request doesn't pass access control check: No 'Access-Control-Allow-Origin' header is present on the requested resource. @ http://localhost:3020/:0
[   29066ms] [ERROR] Failed to load resource: net::ERR_FAILED @ http://localhost:8011/api/v1/downloads?limit=50:0
[   29067ms] [ERROR] Access to fetch at 'http://localhost:8011/api/v1/resource-management/upload-activity?scope=me' from origin 'http://localhost:3020' has been blocked by CORS policy: Response to preflight request doesn't pass access control check: No 'Access-Control-Allow-Origin' header is present on the requested resource. @ http://localhost:3020/:0
[   29067ms] [ERROR] Failed to load resource: net::ERR_FAILED @ http://localhost:8011/api/v1/resource-management/upload-activity?scope=me:0
[   29077ms] [ERROR] Access to fetch at 'http://localhost:8011/api/v1/user-management/quick-access' from origin 'http://localhost:3020' has been blocked by CORS policy: Response to preflight request doesn't pass access control check: No 'Access-Control-Allow-Origin' header is present on the requested resource. @ http://localhost:3020/:0
[   29077ms] [ERROR] Failed to load resource: net::ERR_FAILED @ http://localhost:8011/api/v1/user-management/quick-access:0
[   29078ms] [ERROR] Access to fetch at 'http://localhost:8011/api/v1/user-management/users/me/permissions' from origin 'http://localhost:3020' has been blocked by CORS policy: Response to preflight request doesn't pass access control check: No 'Access-Control-Allow-Origin' header is present on the requested resource. @ http://localhost:3020/:0
[   29078ms] [ERROR] Failed to load resource: net::ERR_FAILED @ http://localhost:8011/api/v1/user-management/users/me/permissions:0
[   29078ms] [ERROR] Access to fetch at 'http://localhost:8011/api/v1/notifications/unread-count?include_archived=false' from origin 'http://localhost:3020' has been blocked by CORS policy: Response to preflight request doesn't pass access control check: No 'Access-Control-Allow-Origin' header is present on the requested resource. @ http://localhost:3020/:0
[   29078ms] [ERROR] Failed to load resource: net::ERR_FAILED @ http://localhost:8011/api/v1/notifications/unread-count?include_archived=false:0
[   39097ms] [ERROR] Access to fetch at 'http://localhost:8011/api/v1/notifications/unread-count?include_archived=false' from origin 'http://localhost:3020' has been blocked by CORS policy: Response to preflight request doesn't pass access control check: No 'Access-Control-Allow-Origin' header is present on the requested resource. @ http://localhost:3020/:0
[   39097ms] [ERROR] Failed to load resource: net::ERR_FAILED @ http://localhost:8011/api/v1/notifications/unread-count?include_archived=false:0
[   40102ms] [ERROR] Access to fetch at 'http://localhost:8011/api/v1/notifications/unread-count?include_archived=false' from origin 'http://localhost:3020' has been blocked by CORS policy: Response to preflight request doesn't pass access control check: No 'Access-Control-Allow-Origin' header is present on the requested resource. @ http://localhost:3020/:0
[   40102ms] [ERROR] Failed to load resource: net::ERR_FAILED @ http://localhost:8011/api/v1/notifications/unread-count?include_archived=false:0
[   42111ms] [ERROR] Access to fetch at 'http://localhost:8011/api/v1/notifications/unread-count?include_archived=false' from origin 'http://localhost:3020' has been blocked by CORS policy: Response to preflight request doesn't pass access control check: No 'Access-Control-Allow-Origin' header is present on the requested resource. @ http://localhost:3020/:0
[   42112ms] [ERROR] Failed to load resource: net::ERR_FAILED @ http://localhost:8011/api/v1/notifications/unread-count?include_archived=false:0
[   46140ms] [ERROR] Access to fetch at 'http://localhost:8011/api/v1/notifications/unread-count?include_archived=false' from origin 'http://localhost:3020' has been blocked by CORS policy: Response to preflight request doesn't pass access control check: No 'Access-Control-Allow-Origin' header is present on the requested resource. @ http://localhost:3020/:0
[   46140ms] [ERROR] Failed to load resource: net::ERR_FAILED @ http://localhost:8011/api/v1/notifications/unread-count?include_archived=false:0
[   56145ms] [ERROR] Failed to load resource: net::ERR_CONNECTION_REFUSED @ http://localhost:8011/api/v1/notifications/unread-count?include_archived=false:0
[   57147ms] [ERROR] Failed to load resource: net::ERR_CONNECTION_REFUSED @ http://localhost:8011/api/v1/notifications/unread-count?include_archived=false:0
[   59157ms] [ERROR] Failed to load resource: net::ERR_CONNECTION_REFUSED @ http://localhost:8011/api/v1/notifications/unread-count?include_archived=false:0
[   63173ms] [ERROR] Failed to load resource: net::ERR_CONNECTION_REFUSED @ http://localhost:8011/api/v1/notifications/unread-count?include_archived=false:0
[   73179ms] [ERROR] Failed to load resource: net::ERR_CONNECTION_REFUSED @ http://localhost:8011/api/v1/notifications/unread-count?include_archived=false:0
[   74181ms] [ERROR] Failed to load resource: net::ERR_CONNECTION_REFUSED @ http://localhost:8011/api/v1/notifications/unread-count?include_archived=false:0
[   76185ms] [ERROR] Failed to load resource: net::ERR_CONNECTION_REFUSED @ http://localhost:8011/api/v1/notifications/unread-count?include_archived=false:0
[   80195ms] [ERROR] Failed to load resource: net::ERR_CONNECTION_REFUSED @ http://localhost:8011/api/v1/notifications/unread-count?include_archived=false:0
[   91358ms] [ERROR] Access to fetch at 'http://localhost:8011/api/v1/notifications/unread-count?include_archived=false' from origin 'http://localhost:3020' has been blocked by CORS policy: Response to preflight request doesn't pass access control check: No 'Access-Control-Allow-Origin' header is present on the requested resource. @ http://localhost:3020/:0
[   91358ms] [ERROR] Failed to load resource: net::ERR_FAILED @ http://localhost:8011/api/v1/notifications/unread-count?include_archived=false:0
[   93530ms] [ERROR] Access to fetch at 'http://localhost:8011/api/v1/notifications/unread-count?include_archived=false' from origin 'http://localhost:3020' has been blocked by CORS policy: Response to preflight request doesn't pass access control check: No 'Access-Control-Allow-Origin' header is present on the requested resource. @ http://localhost:3020/:0
[   93531ms] [ERROR] Failed to load resource: net::ERR_FAILED @ http://localhost:8011/api/v1/notifications/unread-count?include_archived=false:0
[   97534ms] [ERROR] Access to fetch at 'http://localhost:8011/api/v1/notifications/unread-count?include_archived=false' from origin 'http://localhost:3020' has been blocked by CORS policy: Response to preflight request doesn't pass access control check: No 'Access-Control-Allow-Origin' header is present on the requested resource. @ http://localhost:3020/:0
[   97534ms] [ERROR] Failed to load resource: net::ERR_FAILED @ http://localhost:8011/api/v1/notifications/unread-count?include_archived=false:0
[  107545ms] [ERROR] Access to fetch at 'http://localhost:8011/api/v1/notifications/unread-count?include_archived=false' from origin 'http://localhost:3020' has been blocked by CORS policy: Response to preflight request doesn't pass access control check: No 'Access-Control-Allow-Origin' header is present on the requested resource. @ http://localhost:3020/:0
[  107545ms] [ERROR] Failed to load resource: net::ERR_FAILED @ http://localhost:8011/api/v1/notifications/unread-count?include_archived=false:0
[  108560ms] [ERROR] Access to fetch at 'http://localhost:8011/api/v1/notifications/unread-count?include_archived=false' from origin 'http://localhost:3020' has been blocked by CORS policy: Response to preflight request doesn't pass access control check: No 'Access-Control-Allow-Origin' header is present on the requested resource. @ http://localhost:3020/:0
[  108560ms] [ERROR] Failed to load resource: net::ERR_FAILED @ http://localhost:8011/api/v1/notifications/unread-count?include_archived=false:0
[  110580ms] [ERROR] Access to fetch at 'http://localhost:8011/api/v1/notifications/unread-count?include_archived=false' from origin 'http://localhost:3020' has been blocked by CORS policy: Response to preflight request doesn't pass access control check: No 'Access-Control-Allow-Origin' header is present on the requested resource. @ http://localhost:3020/:0
[  110580ms] [ERROR] Failed to load resource: net::ERR_FAILED @ http://localhost:8011/api/v1/notifications/unread-count?include_archived=false:0
[  114625ms] [ERROR] Access to fetch at 'http://localhost:8011/api/v1/notifications/unread-count?include_archived=false' from origin 'http://localhost:3020' has been blocked by CORS policy: Response to preflight request doesn't pass access control check: No 'Access-Control-Allow-Origin' header is present on the requested resource. @ http://localhost:3020/:0
[  114625ms] [ERROR] Failed to load resource: net::ERR_FAILED @ http://localhost:8011/api/v1/notifications/unread-count?include_archived=false:0
[  124684ms] [ERROR] Access to fetch at 'http://localhost:8011/api/v1/notifications/unread-count?include_archived=false' from origin 'http://localhost:3020' has been blocked by CORS policy: Response to preflight request doesn't pass access control check: No 'Access-Control-Allow-Origin' header is present on the requested resource. @ http://localhost:3020/:0
[  124684ms] [ERROR] Failed to load resource: net::ERR_FAILED @ http://localhost:8011/api/v1/notifications/unread-count?include_archived=false:0
[  125698ms] [ERROR] Access to fetch at 'http://localhost:8011/api/v1/notifications/unread-count?include_archived=false' from origin 'http://localhost:3020' has been blocked by CORS policy: Response to preflight request doesn't pass access control check: No 'Access-Control-Allow-Origin' header is present on the requested resource. @ http://localhost:3020/:0
[  125699ms] [ERROR] Failed to load resource: net::ERR_FAILED @ http://localhost:8011/api/v1/notifications/unread-count?include_archived=false:0
[  127720ms] [ERROR] Access to fetch at 'http://localhost:8011/api/v1/notifications/unread-count?include_archived=false' from origin 'http://localhost:3020' has been blocked by CORS policy: Response to preflight request doesn't pass access control check: No 'Access-Control-Allow-Origin' header is present on the requested resource. @ http://localhost:3020/:0
[  127720ms] [ERROR] Failed to load resource: net::ERR_FAILED @ http://localhost:8011/api/v1/notifications/unread-count?include_archived=false:0
[  131746ms] [ERROR] Access to fetch at 'http://localhost:8011/api/v1/notifications/unread-count?include_archived=false' from origin 'http://localhost:3020' has been blocked by CORS policy: Response to preflight request doesn't pass access control check: No 'Access-Control-Allow-Origin' header is present on the requested resource. @ http://localhost:3020/:0
[  131747ms] [ERROR] Failed to load resource: net::ERR_FAILED @ http://localhost:8011/api/v1/notifications/unread-count?include_archived=false:0
[  141814ms] [ERROR] Access to fetch at 'http://localhost:8011/api/v1/notifications/unread-count?include_archived=false' from origin 'http://localhost:3020' has been blocked by CORS policy: Response to preflight request doesn't pass access control check: No 'Access-Control-Allow-Origin' header is present on the requested resource. @ http://localhost:3020/:0
[  141815ms] [ERROR] Failed to load resource: net::ERR_FAILED @ http://localhost:8011/api/v1/notifications/unread-count?include_archived=false:0
[  142831ms] [ERROR] Access to fetch at 'http://localhost:8011/api/v1/notifications/unread-count?include_archived=false' from origin 'http://localhost:3020' has been blocked by CORS policy: Response to preflight request doesn't pass access control check: No 'Access-Control-Allow-Origin' header is present on the requested resource. @ http://localhost:3020/:0
[  142832ms] [ERROR] Failed to load resource: net::ERR_FAILED @ http://localhost:8011/api/v1/notifications/unread-count?include_archived=false:0
[  144868ms] [ERROR] Access to fetch at 'http://localhost:8011/api/v1/notifications/unread-count?include_archived=false' from origin 'http://localhost:3020' has been blocked by CORS policy: Response to preflight request doesn't pass access control check: No 'Access-Control-Allow-Origin' header is present on the requested resource. @ http://localhost:3020/:0
[  144868ms] [ERROR] Failed to load resource: net::ERR_FAILED @ http://localhost:8011/api/v1/notifications/unread-count?include_archived=false:0
[  148904ms] [ERROR] Access to fetch at 'http://localhost:8011/api/v1/notifications/unread-count?include_archived=false' from origin 'http://localhost:3020' has been blocked by CORS policy: Response to preflight request doesn't pass access control check: No 'Access-Control-Allow-Origin' header is present on the requested resource. @ http://localhost:3020/:0
[  148905ms] [ERROR] Failed to load resource: net::ERR_FAILED @ http://localhost:8011/api/v1/notifications/unread-count?include_archived=false:0
[  158922ms] [ERROR] Access to fetch at 'http://localhost:8011/api/v1/notifications/unread-count?include_archived=false' from origin 'http://localhost:3020' has been blocked by CORS policy: Response to preflight request doesn't pass access control check: No 'Access-Control-Allow-Origin' header is present on the requested resource. @ http://localhost:3020/:0
[  158922ms] [ERROR] Failed to load resource: net::ERR_FAILED @ http://localhost:8011/api/v1/notifications/unread-count?include_archived=false:0
[  159938ms] [ERROR] Access to fetch at 'http://localhost:8011/api/v1/notifications/unread-count?include_archived=false' from origin 'http://localhost:3020' has been blocked by CORS policy: Response to preflight request doesn't pass access control check: No 'Access-Control-Allow-Origin' header is present on the requested resource. @ http://localhost:3020/:0
[  159938ms] [ERROR] Failed to load resource: net::ERR_FAILED @ http://localhost:8011/api/v1/notifications/unread-count?include_archived=false:0
[  161959ms] [ERROR] Access to fetch at 'http://localhost:8011/api/v1/notifications/unread-count?include_archived=false' from origin 'http://localhost:3020' has been blocked by CORS policy: Response to preflight request doesn't pass access control check: No 'Access-Control-Allow-Origin' header is present on the requested resource. @ http://localhost:3020/:0
[  161960ms] [ERROR] Failed to load resource: net::ERR_FAILED @ http://localhost:8011/api/v1/notifications/unread-count?include_archived=false:0
[  166217ms] [ERROR] Access to fetch at 'http://localhost:8011/api/v1/notifications/unread-count?include_archived=false' from origin 'http://localhost:3020' has been blocked by CORS policy: Response to preflight request doesn't pass access control check: No 'Access-Control-Allow-Origin' header is present on the requested resource. @ http://localhost:3020/:0
[  166218ms] [ERROR] Failed to load resource: net::ERR_FAILED @ http://localhost:8011/api/v1/notifications/unread-count?include_archived=false:0
[  176297ms] [ERROR] Access to fetch at 'http://localhost:8011/api/v1/notifications/unread-count?include_archived=false' from origin 'http://localhost:3020' has been blocked by CORS policy: Response to preflight request doesn't pass access control check: No 'Access-Control-Allow-Origin' header is present on the requested resource. @ http://localhost:3020/:0
[  176297ms] [ERROR] Failed to load resource: net::ERR_FAILED @ http://localhost:8011/api/v1/notifications/unread-count?include_archived=false:0
[  177330ms] [ERROR] Access to fetch at 'http://localhost:8011/api/v1/notifications/unread-count?include_archived=false' from origin 'http://localhost:3020' has been blocked by CORS policy: Response to preflight request doesn't pass access control check: No 'Access-Control-Allow-Origin' header is present on the requested resource. @ http://localhost:3020/:0
[  177330ms] [ERROR] Failed to load resource: net::ERR_FAILED @ http://localhost:8011/api/v1/notifications/unread-count?include_archived=false:0
[  179363ms] [ERROR] Access to fetch at 'http://localhost:8011/api/v1/notifications/unread-count?include_archived=false' from origin 'http://localhost:3020' has been blocked by CORS policy: Response to preflight request doesn't pass access control check: No 'Access-Control-Allow-Origin' header is present on the requested resource. @ http://localhost:3020/:0
[  179364ms] [ERROR] Failed to load resource: net::ERR_FAILED @ http://localhost:8011/api/v1/notifications/unread-count?include_archived=false:0
[  183392ms] [ERROR] Access to fetch at 'http://localhost:8011/api/v1/notifications/unread-count?include_archived=false' from origin 'http://localhost:3020' has been blocked by CORS policy: Response to preflight request doesn't pass access control check: No 'Access-Control-Allow-Origin' header is present on the requested resource. @ http://localhost:3020/:0
[  183393ms] [ERROR] Failed to load resource: net::ERR_FAILED @ http://localhost:8011/api/v1/notifications/unread-count?include_archived=false:0
[  193455ms] [ERROR] Access to fetch at 'http://localhost:8011/api/v1/notifications/unread-count?include_archived=false' from origin 'http://localhost:3020' has been blocked by CORS policy: Response to preflight request doesn't pass access control check: No 'Access-Control-Allow-Origin' header is present on the requested resource. @ http://localhost:3020/:0
[  193456ms] [ERROR] Failed to load resource: net::ERR_FAILED @ http://localhost:8011/api/v1/notifications/unread-count?include_archived=false:0
[  194558ms] [ERROR] Access to fetch at 'http://localhost:8011/api/v1/notifications/unread-count?include_archived=false' from origin 'http://localhost:3020' has been blocked by CORS policy: Response to preflight request doesn't pass access control check: No 'Access-Control-Allow-Origin' header is present on the requested resource. @ http://localhost:3020/:0
[  194560ms] [ERROR] Failed to load resource: net::ERR_FAILED @ http://localhost:8011/api/v1/notifications/unread-count?include_archived=false:0
[  196709ms] [ERROR] Access to fetch at 'http://localhost:8011/api/v1/notifications/unread-count?include_archived=false' from origin 'http://localhost:3020' has been blocked by CORS policy: Response to preflight request doesn't pass access control check: No 'Access-Control-Allow-Origin' header is present on the requested resource. @ http://localhost:3020/:0
[  196710ms] [ERROR] Failed to load resource: net::ERR_FAILED @ http://localhost:8011/api/v1/notifications/unread-count?include_archived=false:0
[  200790ms] [ERROR] Access to fetch at 'http://localhost:8011/api/v1/notifications/unread-count?include_archived=false' from origin 'http://localhost:3020' has been blocked by CORS policy: Response to preflight request doesn't pass access control check: No 'Access-Control-Allow-Origin' header is present on the requested resource. @ http://localhost:3020/:0
[  200790ms] [ERROR] Failed to load resource: net::ERR_FAILED @ http://localhost:8011/api/v1/notifications/unread-count?include_archived=false:0
[  210820ms] [ERROR] Access to fetch at 'http://localhost:8011/api/v1/notifications/unread-count?include_archived=false' from origin 'http://localhost:3020' has been blocked by CORS policy: Response to preflight request doesn't pass access control check: No 'Access-Control-Allow-Origin' header is present on the requested resource. @ http://localhost:3020/:0
[  210820ms] [ERROR] Failed to load resource: net::ERR_FAILED @ http://localhost:8011/api/v1/notifications/unread-count?include_archived=false:0
[  211838ms] [ERROR] Access to fetch at 'http://localhost:8011/api/v1/notifications/unread-count?include_archived=false' from origin 'http://localhost:3020' has been blocked by CORS policy: Response to preflight request doesn't pass access control check: No 'Access-Control-Allow-Origin' header is present on the requested resource. @ http://localhost:3020/:0
[  211838ms] [ERROR] Failed to load resource: net::ERR_FAILED @ http://localhost:8011/api/v1/notifications/unread-count?include_archived=false:0
[  213907ms] [ERROR] Access to fetch at 'http://localhost:8011/api/v1/notifications/unread-count?include_archived=false' from origin 'http://localhost:3020' has been blocked by CORS policy: Response to preflight request doesn't pass access control check: No 'Access-Control-Allow-Origin' header is present on the requested resource. @ http://localhost:3020/:0
[  213908ms] [ERROR] Failed to load resource: net::ERR_FAILED @ http://localhost:8011/api/v1/notifications/unread-count?include_archived=false:0
[  217963ms] [ERROR] Access to fetch at 'http://localhost:8011/api/v1/notifications/unread-count?include_archived=false' from origin 'http://localhost:3020' has been blocked by CORS policy: Response to preflight request doesn't pass access control check: No 'Access-Control-Allow-Origin' header is present on the requested resource. @ http://localhost:3020/:0
[  217964ms] [ERROR] Failed to load resource: net::ERR_FAILED @ http://localhost:8011/api/v1/notifications/unread-count?include_archived=false:0
[  228036ms] [ERROR] Access to fetch at 'http://localhost:8011/api/v1/notifications/unread-count?include_archived=false' from origin 'http://localhost:3020' has been blocked by CORS policy: Response to preflight request doesn't pass access control check: No 'Access-Control-Allow-Origin' header is present on the requested resource. @ http://localhost:3020/:0
[  228045ms] [ERROR] Failed to load resource: net::ERR_FAILED @ http://localhost:8011/api/v1/notifications/unread-count?include_archived=false:0
[  229064ms] [ERROR] Access to fetch at 'http://localhost:8011/api/v1/notifications/unread-count?include_archived=false' from origin 'http://localhost:3020' has been blocked by CORS policy: Response to preflight request doesn't pass access control check: No 'Access-Control-Allow-Origin' header is present on the requested resource. @ http://localhost:3020/:0
[  229064ms] [ERROR] Failed to load resource: net::ERR_FAILED @ http://localhost:8011/api/v1/notifications/unread-count?include_archived=false:0
[  231220ms] [ERROR] Access to fetch at 'http://localhost:8011/api/v1/notifications/unread-count?include_archived=false' from origin 'http://localhost:3020' has been blocked by CORS policy: Response to preflight request doesn't pass access control check: No 'Access-Control-Allow-Origin' header is present on the requested resource. @ http://localhost:3020/:0
[  231220ms] [ERROR] Failed to load resource: net::ERR_FAILED @ http://localhost:8011/api/v1/notifications/unread-count?include_archived=false:0
[  235252ms] [ERROR] Access to fetch at 'http://localhost:8011/api/v1/notifications/unread-count?include_archived=false' from origin 'http://localhost:3020' has been blocked by CORS policy: Response to preflight request doesn't pass access control check: No 'Access-Control-Allow-Origin' header is present on the requested resource. @ http://localhost:3020/:0
[  235252ms] [ERROR] Failed to load resource: net::ERR_FAILED @ http://localhost:8011/api/v1/notifications/unread-count?include_archived=false:0
[  245335ms] [ERROR] Access to fetch at 'http://localhost:8011/api/v1/notifications/unread-count?include_archived=false' from origin 'http://localhost:3020' has been blocked by CORS policy: Response to preflight request doesn't pass access control check: No 'Access-Control-Allow-Origin' header is present on the requested resource. @ http://localhost:3020/:0
[  245336ms] [ERROR] Failed to load resource: net::ERR_FAILED @ http://localhost:8011/api/v1/notifications/unread-count?include_archived=false:0
[  246418ms] [ERROR] Access to fetch at 'http://localhost:8011/api/v1/notifications/unread-count?include_archived=false' from origin 'http://localhost:3020' has been blocked by CORS policy: Response to preflight request doesn't pass access control check: No 'Access-Control-Allow-Origin' header is present on the requested resource. @ http://localhost:3020/:0
[  246418ms] [ERROR] Failed to load resource: net::ERR_FAILED @ http://localhost:8011/api/v1/notifications/unread-count?include_archived=false:0
[  248481ms] [ERROR] Access to fetch at 'http://localhost:8011/api/v1/notifications/unread-count?include_archived=false' from origin 'http://localhost:3020' has been blocked by CORS policy: Response to preflight request doesn't pass access control check: No 'Access-Control-Allow-Origin' header is present on the requested resource. @ http://localhost:3020/:0
[  248482ms] [ERROR] Failed to load resource: net::ERR_FAILED @ http://localhost:8011/api/v1/notifications/unread-count?include_archived=false:0
[  252531ms] [ERROR] Access to fetch at 'http://localhost:8011/api/v1/notifications/unread-count?include_archived=false' from origin 'http://localhost:3020' has been blocked by CORS policy: Response to preflight request doesn't pass access control check: No 'Access-Control-Allow-Origin' header is present on the requested resource. @ http://localhost:3020/:0
[  252532ms] [ERROR] Failed to load resource: net::ERR_FAILED @ http://localhost:8011/api/v1/notifications/unread-count?include_archived=false:0
[  263351ms] [ERROR] Access to fetch at 'http://localhost:8011/api/v1/notifications/unread-count?include_archived=false' from origin 'http://localhost:3020' has been blocked by CORS policy: Response to preflight request doesn't pass access control check: No 'Access-Control-Allow-Origin' header is present on the requested resource. @ http://localhost:3020/:0
[  263351ms] [ERROR] Failed to load resource: net::ERR_FAILED @ http://localhost:8011/api/v1/notifications/unread-count?include_archived=false:0
[  264382ms] [ERROR] Access to fetch at 'http://localhost:8011/api/v1/notifications/unread-count?include_archived=false' from origin 'http://localhost:3020' has been blocked by CORS policy: Response to preflight request doesn't pass access control check: No 'Access-Control-Allow-Origin' header is present on the requested resource. @ http://localhost:3020/:0
[  264383ms] [ERROR] Failed to load resource: net::ERR_FAILED @ http://localhost:8011/api/v1/notifications/unread-count?include_archived=false:0
[  266561ms] [ERROR] Access to fetch at 'http://localhost:8011/api/v1/notifications/unread-count?include_archived=false' from origin 'http://localhost:3020' has been blocked by CORS policy: Response to preflight request doesn't pass access control check: No 'Access-Control-Allow-Origin' header is present on the requested resource. @ http://localhost:3020/:0
[  266561ms] [ERROR] Failed to load resource: net::ERR_FAILED @ http://localhost:8011/api/v1/notifications/unread-count?include_archived=false:0
[  270778ms] [ERROR] Access to fetch at 'http://localhost:8011/api/v1/notifications/unread-count?include_archived=false' from origin 'http://localhost:3020' has been blocked by CORS policy: Response to preflight request doesn't pass access control check: No 'Access-Control-Allow-Origin' header is present on the requested resource. @ http://localhost:3020/:0
[  270780ms] [ERROR] Failed to load resource: net::ERR_FAILED @ http://localhost:8011/api/v1/notifications/unread-count?include_archived=false:0
[  280809ms] [ERROR] Access to fetch at 'http://localhost:8011/api/v1/notifications/unread-count?include_archived=false' from origin 'http://localhost:3020' has been blocked by CORS policy: Response to preflight request doesn't pass access control check: No 'Access-Control-Allow-Origin' header is present on the requested resource. @ http://localhost:3020/:0
[  280809ms] [ERROR] Failed to load resource: net::ERR_FAILED @ http://localhost:8011/api/v1/notifications/unread-count?include_archived=false:0
[  281820ms] [ERROR] Access to fetch at 'http://localhost:8011/api/v1/notifications/unread-count?include_archived=false' from origin 'http://localhost:3020' has been blocked by CORS policy: Response to preflight request doesn't pass access control check: No 'Access-Control-Allow-Origin' header is present on the requested resource. @ http://localhost:3020/:0
[  281820ms] [ERROR] Failed to load resource: net::ERR_FAILED @ http://localhost:8011/api/v1/notifications/unread-count?include_archived=false:0
[  284391ms] [ERROR] Access to fetch at 'http://localhost:8011/api/v1/notifications/unread-count?include_archived=false' from origin 'http://localhost:3020' has been blocked by CORS policy: Response to preflight request doesn't pass access control check: No 'Access-Control-Allow-Origin' header is present on the requested resource. @ http://localhost:3020/:0
[  284392ms] [ERROR] Failed to load resource: net::ERR_FAILED @ http://localhost:8011/api/v1/notifications/unread-count?include_archived=false:0
[  288434ms] [ERROR] Access to fetch at 'http://localhost:8011/api/v1/notifications/unread-count?include_archived=false' from origin 'http://localhost:3020' has been blocked by CORS policy: Response to preflight request doesn't pass access control check: No 'Access-Control-Allow-Origin' header is present on the requested resource. @ http://localhost:3020/:0
[  288434ms] [ERROR] Failed to load resource: net::ERR_FAILED @ http://localhost:8011/api/v1/notifications/unread-count?include_archived=false:0
[  298569ms] [ERROR] Access to fetch at 'http://localhost:8011/api/v1/notifications/unread-count?include_archived=false' from origin 'http://localhost:3020' has been blocked by CORS policy: Response to preflight request doesn't pass access control check: No 'Access-Control-Allow-Origin' header is present on the requested resource. @ http://localhost:3020/:0
[  298570ms] [ERROR] Failed to load resource: net::ERR_FAILED @ http://localhost:8011/api/v1/notifications/unread-count?include_archived=false:0
[  299602ms] [ERROR] Access to fetch at 'http://localhost:8011/api/v1/notifications/unread-count?include_archived=false' from origin 'http://localhost:3020' has been blocked by CORS policy: Response to preflight request doesn't pass access control check: No 'Access-Control-Allow-Origin' header is present on the requested resource. @ http://localhost:3020/:0
[  299603ms] [ERROR] Failed to load resource: net::ERR_FAILED @ http://localhost:8011/api/v1/notifications/unread-count?include_archived=false:0
[  301623ms] [ERROR] Access to fetch at 'http://localhost:8011/api/v1/notifications/unread-count?include_archived=false' from origin 'http://localhost:3020' has been blocked by CORS policy: Response to preflight request doesn't pass access control check: No 'Access-Control-Allow-Origin' header is present on the requested resource. @ http://localhost:3020/:0
[  301624ms] [ERROR] Failed to load resource: net::ERR_FAILED @ http://localhost:8011/api/v1/notifications/unread-count?include_archived=false:0
[  305752ms] [ERROR] Access to fetch at 'http://localhost:8011/api/v1/notifications/unread-count?include_archived=false' from origin 'http://localhost:3020' has been blocked by CORS policy: Response to preflight request doesn't pass access control check: No 'Access-Control-Allow-Origin' header is present on the requested resource. @ http://localhost:3020/:0
[  305752ms] [ERROR] Failed to load resource: net::ERR_FAILED @ http://localhost:8011/api/v1/notifications/unread-count?include_archived=false:0
[  315826ms] [ERROR] Access to fetch at 'http://localhost:8011/api/v1/notifications/unread-count?include_archived=false' from origin 'http://localhost:3020' has been blocked by CORS policy: Response to preflight request doesn't pass access control check: No 'Access-Control-Allow-Origin' header is present on the requested resource. @ http://localhost:3020/:0
[  315826ms] [ERROR] Failed to load resource: net::ERR_FAILED @ http://localhost:8011/api/v1/notifications/unread-count?include_archived=false:0
[  316845ms] [ERROR] Access to fetch at 'http://localhost:8011/api/v1/notifications/unread-count?include_archived=false' from origin 'http://localhost:3020' has been blocked by CORS policy: Response to preflight request doesn't pass access control check: No 'Access-Control-Allow-Origin' header is present on the requested resource. @ http://localhost:3020/:0
[  316846ms] [ERROR] Failed to load resource: net::ERR_FAILED @ http://localhost:8011/api/v1/notifications/unread-count?include_archived=false:0
[  318891ms] [ERROR] Access to fetch at 'http://localhost:8011/api/v1/notifications/unread-count?include_archived=false' from origin 'http://localhost:3020' has been blocked by CORS policy: Response to preflight request doesn't pass access control check: No 'Access-Control-Allow-Origin' header is present on the requested resource. @ http://localhost:3020/:0
[  318891ms] [ERROR] Failed to load resource: net::ERR_FAILED @ http://localhost:8011/api/v1/notifications/unread-count?include_archived=false:0
[  323115ms] [ERROR] Access to fetch at 'http://localhost:8011/api/v1/notifications/unread-count?include_archived=false' from origin 'http://localhost:3020' has been blocked by CORS policy: Response to preflight request doesn't pass access control check: No 'Access-Control-Allow-Origin' header is present on the requested resource. @ http://localhost:3020/:0
[  323115ms] [ERROR] Failed to load resource: net::ERR_FAILED @ http://localhost:8011/api/v1/notifications/unread-count?include_archived=false:0
[  333225ms] [ERROR] Access to fetch at 'http://localhost:8011/api/v1/notifications/unread-count?include_archived=false' from origin 'http://localhost:3020' has been blocked by CORS policy: Response to preflight request doesn't pass access control check: No 'Access-Control-Allow-Origin' header is present on the requested resource. @ http://localhost:3020/:0
[  333229ms] [ERROR] Failed to load resource: net::ERR_FAILED @ http://localhost:8011/api/v1/notifications/unread-count?include_archived=false:0
[  334236ms] [ERROR] Access to fetch at 'http://localhost:8011/api/v1/notifications/unread-count?include_archived=false' from origin 'http://localhost:3020' has been blocked by CORS policy: Response to preflight request doesn't pass access control check: No 'Access-Control-Allow-Origin' header is present on the requested resource. @ http://localhost:3020/:0
[  334236ms] [ERROR] Failed to load resource: net::ERR_FAILED @ http://localhost:8011/api/v1/notifications/unread-count?include_archived=false:0
[  336250ms] [ERROR] Access to fetch at 'http://localhost:8011/api/v1/notifications/unread-count?include_archived=false' from origin 'http://localhost:3020' has been blocked by CORS policy: Response to preflight request doesn't pass access control check: No 'Access-Control-Allow-Origin' header is present on the requested resource. @ http://localhost:3020/:0
[  336251ms] [ERROR] Failed to load resource: net::ERR_FAILED @ http://localhost:8011/api/v1/notifications/unread-count?include_archived=false:0
[  340293ms] [ERROR] Access to fetch at 'http://localhost:8011/api/v1/notifications/unread-count?include_archived=false' from origin 'http://localhost:3020' has been blocked by CORS policy: Response to preflight request doesn't pass access control check: No 'Access-Control-Allow-Origin' header is present on the requested resource. @ http://localhost:3020/:0
[  340294ms] [ERROR] Failed to load resource: net::ERR_FAILED @ http://localhost:8011/api/v1/notifications/unread-count?include_archived=false:0
[  350337ms] [ERROR] Access to fetch at 'http://localhost:8011/api/v1/notifications/unread-count?include_archived=false' from origin 'http://localhost:3020' has been blocked by CORS policy: Response to preflight request doesn't pass access control check: No 'Access-Control-Allow-Origin' header is present on the requested resource. @ http://localhost:3020/:0
[  350337ms] [ERROR] Failed to load resource: net::ERR_FAILED @ http://localhost:8011/api/v1/notifications/unread-count?include_archived=false:0
[  351421ms] [ERROR] Access to fetch at 'http://localhost:8011/api/v1/notifications/unread-count?include_archived=false' from origin 'http://localhost:3020' has been blocked by CORS policy: Response to preflight request doesn't pass access control check: No 'Access-Control-Allow-Origin' header is present on the requested resource. @ http://localhost:3020/:0
[  351421ms] [ERROR] Failed to load resource: net::ERR_FAILED @ http://localhost:8011/api/v1/notifications/unread-count?include_archived=false:0
[  356594ms] [ERROR] Access to fetch at 'http://localhost:8011/api/v1/notifications/unread-count?include_archived=false' from origin 'http://localhost:3020' has been blocked by CORS policy: Response to preflight request doesn't pass access control check: No 'Access-Control-Allow-Origin' header is present on the requested resource. @ http://localhost:3020/:0
[  356595ms] [ERROR] Failed to load resource: net::ERR_FAILED @ http://localhost:8011/api/v1/notifications/unread-count?include_archived=false:0
[  360622ms] [ERROR] Access to fetch at 'http://localhost:8011/api/v1/notifications/unread-count?include_archived=false' from origin 'http://localhost:3020' has been blocked by CORS policy: Response to preflight request doesn't pass access control check: No 'Access-Control-Allow-Origin' header is present on the requested resource. @ http://localhost:3020/:0
[  360623ms] [ERROR] Failed to load resource: net::ERR_FAILED @ http://localhost:8011/api/v1/notifications/unread-count?include_archived=false:0
[  370662ms] [ERROR] Access to fetch at 'http://localhost:8011/api/v1/notifications/unread-count?include_archived=false' from origin 'http://localhost:3020' has been blocked by CORS policy: Response to preflight request doesn't pass access control check: No 'Access-Control-Allow-Origin' header is present on the requested resource. @ http://localhost:3020/:0
[  370663ms] [ERROR] Failed to load resource: net::ERR_FAILED @ http://localhost:8011/api/v1/notifications/unread-count?include_archived=false:0
[  371694ms] [ERROR] Access to fetch at 'http://localhost:8011/api/v1/notifications/unread-count?include_archived=false' from origin 'http://localhost:3020' has been blocked by CORS policy: Response to preflight request doesn't pass access control check: No 'Access-Control-Allow-Origin' header is present on the requested resource. @ http://localhost:3020/:0
[  371695ms] [ERROR] Failed to load resource: net::ERR_FAILED @ http://localhost:8011/api/v1/notifications/unread-count?include_archived=false:0
[  373792ms] [ERROR] Access to fetch at 'http://localhost:8011/api/v1/notifications/unread-count?include_archived=false' from origin 'http://localhost:3020' has been blocked by CORS policy: Response to preflight request doesn't pass access control check: No 'Access-Control-Allow-Origin' header is present on the requested resource. @ http://localhost:3020/:0
[  373792ms] [ERROR] Failed to load resource: net::ERR_FAILED @ http://localhost:8011/api/v1/notifications/unread-count?include_archived=false:0
[  377902ms] [ERROR] Access to fetch at 'http://localhost:8011/api/v1/notifications/unread-count?include_archived=false' from origin 'http://localhost:3020' has been blocked by CORS policy: Response to preflight request doesn't pass access control check: No 'Access-Control-Allow-Origin' header is present on the requested resource. @ http://localhost:3020/:0
[  377903ms] [ERROR] Failed to load resource: net::ERR_FAILED @ http://localhost:8011/api/v1/notifications/unread-count?include_archived=false:0
[  387949ms] [ERROR] Failed to load resource: net::ERR_CONNECTION_REFUSED @ http://localhost:8011/api/v1/notifications/unread-count?include_archived=false:0
[  388957ms] [ERROR] Failed to load resource: net::ERR_CONNECTION_REFUSED @ http://localhost:8011/api/v1/notifications/unread-count?include_archived=false:0
[  391287ms] [ERROR] Failed to load resource: net::ERR_CONNECTION_REFUSED @ http://localhost:8011/api/v1/notifications/unread-count?include_archived=false:0
