[    2597ms] [INFO] %cDownload the React DevTools for a better development experience: https://react.dev/link/react-devtools font-weight:bold @ webpack-internal:///(app-pages-browser)/../../../../sorento_crm_frontend/node_modules/next/dist/compiled/react-dom/cjs/react-dom-client.development.js:25630
[    2993ms] [LOG] i18next: languageChanged en-GB @ webpack-internal:///(app-pages-browser)/../../../../sorento_crm_frontend/node_modules/i18next/dist/esm/i18next.js:223
[    2993ms] [LOG] i18next: initialized {debug: true, initAsync: true, ns: Array(1), defaultNS: Array(1), fallbackLng: Array(1)} @ webpack-internal:///(app-pages-browser)/../../../../sorento_crm_frontend/node_modules/i18next/dist/esm/i18next.js:223
[    3709ms] [VERBOSE] [DOM] Input elements should have autocomplete attributes (suggested: "current-password"): (More info: https://goo.gl/9p2vKq) %o @ http://localhost:3020/signin?callbackUrl=%2Fmaster-data-management%2Fproducts%2F678a6146-8a72-40bf-8097-74110ce902d4%3Ftab%3Dspecifications:0
[   21460ms] [LOG] [Fast Refresh] rebuilding @ webpack-internal:///(app-pages-browser)/../../../../sorento_crm_frontend/node_modules/next/dist/client/dev/hot-reloader/app/hot-reloader-app.js:196
[   21853ms] [LOG] [Fast Refresh] done in 393ms @ webpack-internal:///(app-pages-browser)/../../../../sorento_crm_frontend/node_modules/next/dist/client/dev/report-hmr-latency.js:13
[   21888ms] [LOG] [Fast Refresh] rebuilding @ webpack-internal:///(app-pages-browser)/../../../../sorento_crm_frontend/node_modules/next/dist/client/dev/hot-reloader/app/hot-reloader-app.js:196
[   22320ms] [LOG] [Fast Refresh] done in 432ms @ webpack-internal:///(app-pages-browser)/../../../../sorento_crm_frontend/node_modules/next/dist/client/dev/report-hmr-latency.js:13
[   69818ms] [LOG] [Fast Refresh] rebuilding @ webpack-internal:///(app-pages-browser)/../../../../sorento_crm_frontend/node_modules/next/dist/client/dev/hot-reloader/app/hot-reloader-app.js:196
[   71026ms] [LOG] [Fast Refresh] done in 1208ms @ webpack-internal:///(app-pages-browser)/../../../../sorento_crm_frontend/node_modules/next/dist/client/dev/report-hmr-latency.js:13
[  260400ms] [LOG] [Fast Refresh] rebuilding @ webpack-internal:///(app-pages-browser)/../../../../sorento_crm_frontend/node_modules/next/dist/client/dev/hot-reloader/app/hot-reloader-app.js:196
[  261704ms] [LOG] [Fast Refresh] done in 1304ms @ webpack-internal:///(app-pages-browser)/../../../../sorento_crm_frontend/node_modules/next/dist/client/dev/report-hmr-latency.js:13
[ 1127246ms] [LOG] [Fast Refresh] rebuilding @ webpack-internal:///(app-pages-browser)/../../../../sorento_crm_frontend/node_modules/next/dist/client/dev/hot-reloader/app/hot-reloader-app.js:196
[ 1128600ms] [LOG] [Fast Refresh] done in 1353ms @ webpack-internal:///(app-pages-browser)/../../../../sorento_crm_frontend/node_modules/next/dist/client/dev/report-hmr-latency.js:13
[ 1736257ms] [LOG] [Fast Refresh] rebuilding @ webpack-internal:///(app-pages-browser)/../../../../sorento_crm_frontend/node_modules/next/dist/client/dev/hot-reloader/app/hot-reloader-app.js:196
[ 1738529ms] [LOG] [Fast Refresh] done in 2271ms @ webpack-internal:///(app-pages-browser)/../../../../sorento_crm_frontend/node_modules/next/dist/client/dev/report-hmr-latency.js:13
[ 1822775ms] [LOG] [Fast Refresh] rebuilding @ webpack-internal:///(app-pages-browser)/../../../../sorento_crm_frontend/node_modules/next/dist/client/dev/hot-reloader/app/hot-reloader-app.js:196
[ 1823940ms] [LOG] [Fast Refresh] done in 1166ms @ webpack-internal:///(app-pages-browser)/../../../../sorento_crm_frontend/node_modules/next/dist/client/dev/report-hmr-latency.js:13
[ 1829751ms] [LOG] [Fast Refresh] rebuilding @ webpack-internal:///(app-pages-browser)/../../../../sorento_crm_frontend/node_modules/next/dist/client/dev/hot-reloader/app/hot-reloader-app.js:196
[ 1830362ms] [LOG] [Fast Refresh] done in 611ms @ webpack-internal:///(app-pages-browser)/../../../../sorento_crm_frontend/node_modules/next/dist/client/dev/report-hmr-latency.js:13
[ 1849186ms] [LOG] [Fast Refresh] rebuilding @ webpack-internal:///(app-pages-browser)/../../../../sorento_crm_frontend/node_modules/next/dist/client/dev/hot-reloader/app/hot-reloader-app.js:196
[ 1850048ms] [LOG] [Fast Refresh] done in 862ms @ webpack-internal:///(app-pages-browser)/../../../../sorento_crm_frontend/node_modules/next/dist/client/dev/report-hmr-latency.js:13
[ 1860156ms] [LOG] [Fast Refresh] rebuilding @ webpack-internal:///(app-pages-browser)/../../../../sorento_crm_frontend/node_modules/next/dist/client/dev/hot-reloader/app/hot-reloader-app.js:196
[ 1861150ms] [LOG] [Fast Refresh] done in 994ms @ webpack-internal:///(app-pages-browser)/../../../../sorento_crm_frontend/node_modules/next/dist/client/dev/report-hmr-latency.js:13
[ 1882864ms] [LOG] [Fast Refresh] rebuilding @ webpack-internal:///(app-pages-browser)/../../../../sorento_crm_frontend/node_modules/next/dist/client/dev/hot-reloader/app/hot-reloader-app.js:196
[ 1883483ms] [LOG] [Fast Refresh] done in 620ms @ webpack-internal:///(app-pages-browser)/../../../../sorento_crm_frontend/node_modules/next/dist/client/dev/report-hmr-latency.js:13
[ 1901878ms] [LOG] [Fast Refresh] rebuilding @ webpack-internal:///(app-pages-browser)/../../../../sorento_crm_frontend/node_modules/next/dist/client/dev/hot-reloader/app/hot-reloader-app.js:196
[ 1902964ms] [LOG] [Fast Refresh] done in 1086ms @ webpack-internal:///(app-pages-browser)/../../../../sorento_crm_frontend/node_modules/next/dist/client/dev/report-hmr-latency.js:13
[ 1921983ms] [LOG] [Fast Refresh] rebuilding @ webpack-internal:///(app-pages-browser)/../../../../sorento_crm_frontend/node_modules/next/dist/client/dev/hot-reloader/app/hot-reloader-app.js:196
[ 1922682ms] ReferenceError: FlyerCard is not defined
    at ProductSpecificationsTab (webpack-internal:///(app-pages-browser)/./app/(protected)/master-data-management/products/[id]/components/ProductSpecificationsTab.tsx:429:105)
    at Object.react_stack_bottom_frame (webpack-internal:///(app-pages-browser)/../../../../sorento_crm_frontend/node_modules/next/dist/compiled/react-dom/cjs/react-dom-client.development.js:23584:20)
    at renderWithHooks (webpack-internal:///(app-pages-browser)/../../../../sorento_crm_frontend/node_modules/next/dist/compiled/react-dom/cjs/react-dom-client.development.js:6793:22)
    at updateFunctionComponent (webpack-internal:///(app-pages-browser)/../../../../sorento_crm_frontend/node_modules/next/dist/compiled/react-dom/cjs/react-dom-client.development.js:9247:19)
    at beginWork (webpack-internal:///(app-pages-browser)/../../../../sorento_crm_frontend/node_modules/next/dist/compiled/react-dom/cjs/react-dom-client.development.js:10858:18)
    at runWithFiberInDEV (webpack-internal:///(app-pages-browser)/../../../../sorento_crm_frontend/node_modules/next/dist/compiled/react-dom/cjs/react-dom-client.development.js:872:30)
    at performUnitOfWork (webpack-internal:///(app-pages-browser)/../../../../sorento_crm_frontend/node_modules/next/dist/compiled/react-dom/cjs/react-dom-client.development.js:15727:22)
    at workLoopSync (webpack-internal:///(app-pages-browser)/../../../../sorento_crm_frontend/node_modules/next/dist/compiled/react-dom/cjs/react-dom-client.development.js:15547:41)
    at renderRootSync (webpack-internal:///(app-pages-browser)/../../../../sorento_crm_frontend/node_modules/next/dist/compiled/react-dom/cjs/react-dom-client.development.js:15527:11)
    at performWorkOnRoot (webpack-internal:///(app-pages-browser)/../../../../sorento_crm_frontend/node_modules/next/dist/compiled/react-dom/cjs/react-dom-client.development.js:15034:44)
    at performSyncWorkOnRoot (webpack-internal:///(app-pages-browser)/../../../../sorento_crm_frontend/node_modules/next/dist/compiled/react-dom/cjs/react-dom-client.development.js:16831:7)
    at flushSyncWorkAcrossRoots_impl (webpack-internal:///(app-pages-browser)/../../../../sorento_crm_frontend/node_modules/next/dist/compiled/react-dom/cjs/react-dom-client.development.js:16677:21)
    at flushSyncWork$1 (webpack-internal:///(app-pages-browser)/../../../../sorento_crm_frontend/node_modules/next/dist/compiled/react-dom/cjs/react-dom-client.development.js:15297:12)
    at Object.scheduleRefresh (webpack-internal:///(app-pages-browser)/../../../../sorento_crm_frontend/node_modules/next/dist/compiled/react-dom/cjs/react-dom-client.development.js:114:9)
    at eval (webpack-internal:///(app-pages-browser)/../../../../sorento_crm_frontend/node_modules/next/dist/compiled/react-refresh/cjs/react-refresh-runtime.development.js:265:17)
    at Set.forEach (<anonymous>)
    at Object.performReactRefresh (webpack-internal:///(app-pages-browser)/../../../../sorento_crm_frontend/node_modules/next/dist/compiled/react-refresh/cjs/react-refresh-runtime.development.js:254:26)
    at applyUpdate (webpack-internal:///(app-pages-browser)/../../../../sorento_crm_frontend/node_modules/next/dist/compiled/@next/react-refresh-utils/dist/internal/helpers.js:139:31)
    at statusHandler (webpack-internal:///(app-pages-browser)/../../../../sorento_crm_frontend/node_modules/next/dist/compiled/@next/react-refresh-utils/dist/internal/helpers.js:156:13)
    at setStatus (http://localhost:3020/_next/static/chunks/webpack.js?v=1786229644417:498:55)
    at http://localhost:3020/_next/static/chunks/webpack.js?v=1786229644417:667:21
[ 1922682ms] [WARNING] [Fast Refresh] performing full reload because your application had an unrecoverable error @ webpack-internal:///(app-pages-browser)/../../../../sorento_crm_frontend/node_modules/next/dist/client/dev/hot-reloader/app/hot-reloader-app.js:113
[ 1925223ms] [INFO] %cDownload the React DevTools for a better development experience: https://react.dev/link/react-devtools font-weight:bold @ webpack-internal:///(app-pages-browser)/../../../../sorento_crm_frontend/node_modules/next/dist/compiled/react-dom/cjs/react-dom-client.development.js:25630
[ 1925775ms] [LOG] i18next: languageChanged en-GB @ webpack-internal:///(app-pages-browser)/../../../../sorento_crm_frontend/node_modules/i18next/dist/esm/i18next.js:223
[ 1925776ms] [LOG] i18next: initialized {debug: true, initAsync: true, ns: Array(1), defaultNS: Array(1), fallbackLng: Array(1)} @ webpack-internal:///(app-pages-browser)/../../../../sorento_crm_frontend/node_modules/i18next/dist/esm/i18next.js:223
[ 1928696ms] ReferenceError: FlyerCard is not defined
    at ProductSpecificationsTab (webpack-internal:///(app-pages-browser)/./app/(protected)/master-data-management/products/[id]/components/ProductSpecificationsTab.tsx:429:105)
    at Object.react_stack_bottom_frame (webpack-internal:///(app-pages-browser)/../../../../sorento_crm_frontend/node_modules/next/dist/compiled/react-dom/cjs/react-dom-client.development.js:23584:20)
    at renderWithHooks (webpack-internal:///(app-pages-browser)/../../../../sorento_crm_frontend/node_modules/next/dist/compiled/react-dom/cjs/react-dom-client.development.js:6793:22)
    at updateFunctionComponent (webpack-internal:///(app-pages-browser)/../../../../sorento_crm_frontend/node_modules/next/dist/compiled/react-dom/cjs/react-dom-client.development.js:9247:19)
    at beginWork (webpack-internal:///(app-pages-browser)/../../../../sorento_crm_frontend/node_modules/next/dist/compiled/react-dom/cjs/react-dom-client.development.js:10858:18)
    at runWithFiberInDEV (webpack-internal:///(app-pages-browser)/../../../../sorento_crm_frontend/node_modules/next/dist/compiled/react-dom/cjs/react-dom-client.development.js:872:30)
    at performUnitOfWork (webpack-internal:///(app-pages-browser)/../../../../sorento_crm_frontend/node_modules/next/dist/compiled/react-dom/cjs/react-dom-client.development.js:15727:22)
    at workLoopSync (webpack-internal:///(app-pages-browser)/../../../../sorento_crm_frontend/node_modules/next/dist/compiled/react-dom/cjs/react-dom-client.development.js:15547:41)
    at renderRootSync (webpack-internal:///(app-pages-browser)/../../../../sorento_crm_frontend/node_modules/next/dist/compiled/react-dom/cjs/react-dom-client.development.js:15527:11)
    at performWorkOnRoot (webpack-internal:///(app-pages-browser)/../../../../sorento_crm_frontend/node_modules/next/dist/compiled/react-dom/cjs/react-dom-client.development.js:15034:44)
    at performWorkOnRootViaSchedulerTask (webpack-internal:///(app-pages-browser)/../../../../sorento_crm_frontend/node_modules/next/dist/compiled/react-dom/cjs/react-dom-client.development.js:16816:7)
    at MessagePort.performWorkUntilDeadline (webpack-internal:///(app-pages-browser)/../../../../sorento_crm_frontend/node_modules/next/dist/compiled/scheduler/cjs/scheduler.development.js:45:48)
[ 1963685ms] [LOG] [Fast Refresh] rebuilding @ webpack-internal:///(app-pages-browser)/../../../../sorento_crm_frontend/node_modules/next/dist/client/dev/hot-reloader/app/hot-reloader-app.js:196
[ 1964473ms] [WARNING] [Fast Refresh] performing full reload because your application had an unrecoverable error @ webpack-internal:///(app-pages-browser)/../../../../sorento_crm_frontend/node_modules/next/dist/client/dev/hot-reloader/app/hot-reloader-app.js:113
[ 1967018ms] [INFO] %cDownload the React DevTools for a better development experience: https://react.dev/link/react-devtools font-weight:bold @ webpack-internal:///(app-pages-browser)/../../../../sorento_crm_frontend/node_modules/next/dist/compiled/react-dom/cjs/react-dom-client.development.js:25630
[ 1967356ms] [LOG] i18next: languageChanged en-GB @ webpack-internal:///(app-pages-browser)/../../../../sorento_crm_frontend/node_modules/i18next/dist/esm/i18next.js:223
[ 1967357ms] [LOG] i18next: initialized {debug: true, initAsync: true, ns: Array(1), defaultNS: Array(1), fallbackLng: Array(1)} @ webpack-internal:///(app-pages-browser)/../../../../sorento_crm_frontend/node_modules/i18next/dist/esm/i18next.js:223
