[     797ms] [LOG] [Fast Refresh] rebuilding @ webpack-internal:///(app-pages-browser)/../../../../sorento_crm_frontend/node_modules/next/dist/client/dev/hot-reloader/app/hot-reloader-app.js:196
[    1227ms] [LOG] [Fast Refresh] done in 431ms @ webpack-internal:///(app-pages-browser)/../../../../sorento_crm_frontend/node_modules/next/dist/client/dev/report-hmr-latency.js:13
[    2018ms] [INFO] %cDownload the React DevTools for a better development experience: https://react.dev/link/react-devtools font-weight:bold @ webpack-internal:///(app-pages-browser)/../../../../sorento_crm_frontend/node_modules/next/dist/compiled/react-dom/cjs/react-dom-client.development.js:25630
[    2440ms] [LOG] i18next: languageChanged en-GB @ webpack-internal:///(app-pages-browser)/../../../../sorento_crm_frontend/node_modules/i18next/dist/esm/i18next.js:223
[    2440ms] [LOG] i18next: initialized {debug: true, initAsync: true, ns: Array(1), defaultNS: Array(1), fallbackLng: Array(1)} @ webpack-internal:///(app-pages-browser)/../../../../sorento_crm_frontend/node_modules/i18next/dist/esm/i18next.js:223
[  136594ms] [LOG] [Fast Refresh] rebuilding @ webpack-internal:///(app-pages-browser)/../../../../sorento_crm_frontend/node_modules/next/dist/client/dev/hot-reloader/app/hot-reloader-app.js:196
[  138164ms] [LOG] [Fast Refresh] done in 1574ms @ webpack-internal:///(app-pages-browser)/../../../../sorento_crm_frontend/node_modules/next/dist/client/dev/report-hmr-latency.js:13
[  147008ms] [LOG] [Fast Refresh] rebuilding @ webpack-internal:///(app-pages-browser)/../../../../sorento_crm_frontend/node_modules/next/dist/client/dev/hot-reloader/app/hot-reloader-app.js:196
[  147713ms] [LOG] [Fast Refresh] done in 705ms @ webpack-internal:///(app-pages-browser)/../../../../sorento_crm_frontend/node_modules/next/dist/client/dev/report-hmr-latency.js:13
[  195524ms] [LOG] [Fast Refresh] rebuilding @ webpack-internal:///(app-pages-browser)/../../../../sorento_crm_frontend/node_modules/next/dist/client/dev/hot-reloader/app/hot-reloader-app.js:196
[  197268ms] [LOG] [Fast Refresh] done in 1744ms @ webpack-internal:///(app-pages-browser)/../../../../sorento_crm_frontend/node_modules/next/dist/client/dev/report-hmr-latency.js:13
[  197460ms] ReferenceError: lookupSet is not defined
    at SubmissionForm.useEffect (webpack-internal:///(app-pages-browser)/./app/(auth)/portal/components/SubmissionForm.tsx:377:69)
    at Array.map (<anonymous>)
    at SubmissionForm.useEffect (webpack-internal:///(app-pages-browser)/./app/(auth)/portal/components/SubmissionForm.tsx:372:56)
    at SubmissionForm.useEffect (webpack-internal:///(app-pages-browser)/./app/(auth)/portal/components/SubmissionForm.tsx:387:47)
    at Object.react_stack_bottom_frame (webpack-internal:///(app-pages-browser)/../../../../sorento_crm_frontend/node_modules/next/dist/compiled/react-dom/cjs/react-dom-client.development.js:23669:20)
    at runWithFiberInDEV (webpack-internal:///(app-pages-browser)/../../../../sorento_crm_frontend/node_modules/next/dist/compiled/react-dom/cjs/react-dom-client.development.js:872:30)
    at commitHookEffectListMount (webpack-internal:///(app-pages-browser)/../../../../sorento_crm_frontend/node_modules/next/dist/compiled/react-dom/cjs/react-dom-client.development.js:12345:29)
    at commitHookPassiveMountEffects (webpack-internal:///(app-pages-browser)/../../../../sorento_crm_frontend/node_modules/next/dist/compiled/react-dom/cjs/react-dom-client.development.js:12466:11)
    at commitPassiveMountOnFiber (webpack-internal:///(app-pages-browser)/../../../../sorento_crm_frontend/node_modules/next/dist/compiled/react-dom/cjs/react-dom-client.development.js:14387:13)
    at recursivelyTraversePassiveMountEffects (webpack-internal:///(app-pages-browser)/../../../../sorento_crm_frontend/node_modules/next/dist/compiled/react-dom/cjs/react-dom-client.development.js:14360:11)
    at commitPassiveMountOnFiber (webpack-internal:///(app-pages-browser)/../../../../sorento_crm_frontend/node_modules/next/dist/compiled/react-dom/cjs/react-dom-client.development.js:14380:11)
    at recursivelyTraversePassiveMountEffects (webpack-internal:///(app-pages-browser)/../../../../sorento_crm_frontend/node_modules/next/dist/compiled/react-dom/cjs/react-dom-client.development.js:14360:11)
    at commitPassiveMountOnFiber (webpack-internal:///(app-pages-browser)/../../../../sorento_crm_frontend/node_modules/next/dist/compiled/react-dom/cjs/react-dom-client.development.js:14380:11)
    at recursivelyTraversePassiveMountEffects (webpack-internal:///(app-pages-browser)/../../../../sorento_crm_frontend/node_modules/next/dist/compiled/react-dom/cjs/react-dom-client.development.js:14360:11)
    at commitPassiveMountOnFiber (webpack-internal:///(app-pages-browser)/../../../../sorento_crm_frontend/node_modules/next/dist/compiled/react-dom/cjs/react-dom-client.development.js:14380:11)
    at recursivelyTraversePassiveMountEffects (webpack-internal:///(app-pages-browser)/../../../../sorento_crm_frontend/node_modules/next/dist/compiled/react-dom/cjs/react-dom-client.development.js:14360:11)
    at commitPassiveMountOnFiber (webpack-internal:///(app-pages-browser)/../../../../sorento_crm_frontend/node_modules/next/dist/compiled/react-dom/cjs/react-dom-client.development.js:14514:11)
    at recursivelyTraversePassiveMountEffects (webpack-internal:///(app-pages-browser)/../../../../sorento_crm_frontend/node_modules/next/dist/compiled/react-dom/cjs/react-dom-client.development.js:14360:11)
    at commitPassiveMountOnFiber (webpack-internal:///(app-pages-browser)/../../../../sorento_crm_frontend/node_modules/next/dist/compiled/react-dom/cjs/react-dom-client.development.js:14514:11)
    at recursivelyTraversePassiveMountEffects (webpack-internal:///(app-pages-browser)/../../../../sorento_crm_frontend/node_modules/next/dist/compiled/react-dom/cjs/react-dom-client.development.js:14360:11)
    at commitPassiveMountOnFiber (webpack-internal:///(app-pages-browser)/../../../../sorento_crm_frontend/node_modules/next/dist/compiled/react-dom/cjs/react-dom-client.development.js:14380:11)
    at recursivelyTraversePassiveMountEffects (webpack-internal:///(app-pages-browser)/../../../../sorento_crm_frontend/node_modules/next/dist/compiled/react-dom/cjs/react-dom-client.development.js:14360:11)
    at commitPassiveMountOnFiber (webpack-internal:///(app-pages-browser)/../../../../sorento_crm_frontend/node_modules/next/dist/compiled/react-dom/cjs/react-dom-client.development.js:14390:11)
    at recursivelyTraversePassiveMountEffects (webpack-internal:///(app-pages-browser)/../../../../sorento_crm_frontend/node_modules/next/dist/compiled/react-dom/cjs/react-dom-client.development.js:14360:11)
    at commitPassiveMountOnFiber (webpack-internal:///(app-pages-browser)/../../../../sorento_crm_frontend/node_modules/next/dist/compiled/react-dom/cjs/react-dom-client.development.js:14380:11)
    at recursivelyTraversePassiveMountEffects (webpack-internal:///(app-pages-browser)/../../../../sorento_crm_frontend/node_modules/next/dist/compiled/react-dom/cjs/react-dom-client.development.js:14360:11)
    at commitPassiveMountOnFiber (webpack-internal:///(app-pages-browser)/../../../../sorento_crm_frontend/node_modules/next/dist/compiled/react-dom/cjs/react-dom-client.development.js:14380:11)
    at recursivelyTraversePassiveMountEffects (webpack-internal:///(app-pages-browser)/../../../../sorento_crm_frontend/node_modules/next/dist/compiled/react-dom/cjs/react-dom-client.development.js:14360:11)
    at commitPassiveMountOnFiber (webpack-internal:///(app-pages-browser)/../../../../sorento_crm_frontend/node_modules/next/dist/compiled/react-dom/cjs/react-dom-client.development.js:14380:11)
    at recursivelyTraversePassiveMountEffects (webpack-internal:///(app-pages-browser)/../../../../sorento_crm_frontend/node_modules/next/dist/compiled/react-dom/cjs/react-dom-client.development.js:14360:11)
    at commitPassiveMountOnFiber (webpack-internal:///(app-pages-browser)/../../../../sorento_crm_frontend/node_modules/next/dist/compiled/react-dom/cjs/react-dom-client.development.js:14380:11)
    at recursivelyTraversePassiveMountEffects (webpack-internal:///(app-pages-browser)/../../../../sorento_crm_frontend/node_modules/next/dist/compiled/react-dom/cjs/react-dom-client.development.js:14360:11)
    at commitPassiveMountOnFiber (webpack-internal:///(app-pages-browser)/../../../../sorento_crm_frontend/node_modules/next/dist/compiled/react-dom/cjs/react-dom-client.development.js:14390:11)
    at recursivelyTraversePassiveMountEffects (webpack-internal:///(app-pages-browser)/../../../../sorento_crm_frontend/node_modules/next/dist/compiled/react-dom/cjs/react-dom-client.development.js:14360:11)
    at commitPassiveMountOnFiber (webpack-internal:///(app-pages-browser)/../../../../sorento_crm_frontend/node_modules/next/dist/compiled/react-dom/cjs/react-dom-client.development.js:14380:11)
    at recursivelyTraversePassiveMountEffects (webpack-internal:///(app-pages-browser)/../../../../sorento_crm_frontend/node_modules/next/dist/compiled/react-dom/cjs/react-dom-client.development.js:14360:11)
    at commitPassiveMountOnFiber (webpack-internal:///(app-pages-browser)/../../../../sorento_crm_frontend/node_modules/next/dist/compiled/react-dom/cjs/react-dom-client.development.js:14380:11)
    at recursivelyTraversePassiveMountEffects (webpack-internal:///(app-pages-browser)/../../../../sorento_crm_frontend/node_modules/next/dist/compiled/react-dom/cjs/react-dom-client.development.js:14360:11)
    at commitPassiveMountOnFiber (webpack-internal:///(app-pages-browser)/../../../../sorento_crm_frontend/node_modules/next/dist/compiled/react-dom/cjs/react-dom-client.development.js:14514:11)
    at recursivelyTraversePassiveMountEffects (webpack-internal:///(app-pages-browser)/../../../../sorento_crm_frontend/node_modules/next/dist/compiled/react-dom/cjs/react-dom-client.development.js:14360:11)
    at commitPassiveMountOnFiber (webpack-internal:///(app-pages-browser)/../../../../sorento_crm_frontend/node_modules/next/dist/compiled/react-dom/cjs/react-dom-client.development.js:14514:11)
    at recursivelyTraversePassiveMountEffects (webpack-internal:///(app-pages-browser)/../../../../sorento_crm_frontend/node_modules/next/dist/compiled/react-dom/cjs/react-dom-client.development.js:14360:11)
    at commitPassiveMountOnFiber (webpack-internal:///(app-pages-browser)/../../../../sorento_crm_frontend/node_modules/next/dist/compiled/react-dom/cjs/react-dom-client.development.js:14380:11)
    at recursivelyTraversePassiveMountEffects (webpack-internal:///(app-pages-browser)/../../../../sorento_crm_frontend/node_modules/next/dist/compiled/react-dom/cjs/react-dom-client.development.js:14360:11)
    at commitPassiveMountOnFiber (webpack-internal:///(app-pages-browser)/../../../../sorento_crm_frontend/node_modules/next/dist/compiled/react-dom/cjs/react-dom-client.development.js:14380:11)
    at recursivelyTraversePassiveMountEffects (webpack-internal:///(app-pages-browser)/../../../../sorento_crm_frontend/node_modules/next/dist/compiled/react-dom/cjs/react-dom-client.development.js:14360:11)
    at commitPassiveMountOnFiber (webpack-internal:///(app-pages-browser)/../../../../sorento_crm_frontend/node_modules/next/dist/compiled/react-dom/cjs/react-dom-client.development.js:14514:11)
    at recursivelyTraversePassiveMountEffects (webpack-internal:///(app-pages-browser)/../../../../sorento_crm_frontend/node_modules/next/dist/compiled/react-dom/cjs/react-dom-client.development.js:14360:11)
    at commitPassiveMountOnFiber (webpack-internal:///(app-pages-browser)/../../../../sorento_crm_frontend/node_modules/next/dist/compiled/react-dom/cjs/react-dom-client.development.js:14514:11)
    at recursivelyTraversePassiveMountEffects (webpack-internal:///(app-pages-browser)/../../../../sorento_crm_frontend/node_modules/next/dist/compiled/react-dom/cjs/react-dom-client.development.js:14360:11)
[  218293ms] [LOG] [Fast Refresh] rebuilding @ webpack-internal:///(app-pages-browser)/../../../../sorento_crm_frontend/node_modules/next/dist/client/dev/hot-reloader/app/hot-reloader-app.js:196
[  218979ms] [LOG] [Fast Refresh] done in 685ms @ webpack-internal:///(app-pages-browser)/../../../../sorento_crm_frontend/node_modules/next/dist/client/dev/report-hmr-latency.js:13
[  233052ms] [LOG] [Fast Refresh] rebuilding @ webpack-internal:///(app-pages-browser)/../../../../sorento_crm_frontend/node_modules/next/dist/client/dev/hot-reloader/app/hot-reloader-app.js:196
[  234038ms] [LOG] [Fast Refresh] done in 986ms @ webpack-internal:///(app-pages-browser)/../../../../sorento_crm_frontend/node_modules/next/dist/client/dev/report-hmr-latency.js:13
