[     633ms] [INFO] %cDownload the React DevTools for a better development experience: https://react.dev/link/react-devtools font-weight:bold @ webpack-internal:///(app-pages-browser)/../../../../sorento_crm_frontend/node_modules/next/dist/compiled/react-dom/cjs/react-dom-client.development.js:25630
[     959ms] [LOG] i18next: languageChanged en-GB @ webpack-internal:///(app-pages-browser)/../../../../sorento_crm_frontend/node_modules/i18next/dist/esm/i18next.js:223
[     960ms] [LOG] i18next: initialized {debug: true, initAsync: true, ns: Array(1), defaultNS: Array(1), fallbackLng: Array(1)} @ webpack-internal:///(app-pages-browser)/../../../../sorento_crm_frontend/node_modules/i18next/dist/esm/i18next.js:223
[  138945ms] [LOG] [Fast Refresh] rebuilding @ webpack-internal:///(app-pages-browser)/../../../../sorento_crm_frontend/node_modules/next/dist/client/dev/hot-reloader/app/hot-reloader-app.js:196
[  139945ms] [LOG] [Fast Refresh] done in 1000ms @ webpack-internal:///(app-pages-browser)/../../../../sorento_crm_frontend/node_modules/next/dist/client/dev/report-hmr-latency.js:13
[  161927ms] [LOG] [Fast Refresh] rebuilding @ webpack-internal:///(app-pages-browser)/../../../../sorento_crm_frontend/node_modules/next/dist/client/dev/hot-reloader/app/hot-reloader-app.js:196
[  162732ms] [LOG] [Fast Refresh] done in 806ms @ webpack-internal:///(app-pages-browser)/../../../../sorento_crm_frontend/node_modules/next/dist/client/dev/report-hmr-latency.js:13
[  169162ms] [LOG] [Fast Refresh] rebuilding @ webpack-internal:///(app-pages-browser)/../../../../sorento_crm_frontend/node_modules/next/dist/client/dev/hot-reloader/app/hot-reloader-app.js:196
[  170237ms] [LOG] [Fast Refresh] done in 1076ms @ webpack-internal:///(app-pages-browser)/../../../../sorento_crm_frontend/node_modules/next/dist/client/dev/report-hmr-latency.js:13
[  175423ms] [LOG] [Fast Refresh] rebuilding @ webpack-internal:///(app-pages-browser)/../../../../sorento_crm_frontend/node_modules/next/dist/client/dev/hot-reloader/app/hot-reloader-app.js:196
[  176441ms] [LOG] [Fast Refresh] done in 1019ms @ webpack-internal:///(app-pages-browser)/../../../../sorento_crm_frontend/node_modules/next/dist/client/dev/report-hmr-latency.js:13
[  184083ms] [LOG] [Fast Refresh] rebuilding @ webpack-internal:///(app-pages-browser)/../../../../sorento_crm_frontend/node_modules/next/dist/client/dev/hot-reloader/app/hot-reloader-app.js:196
[  185079ms] [LOG] [Fast Refresh] done in 995ms @ webpack-internal:///(app-pages-browser)/../../../../sorento_crm_frontend/node_modules/next/dist/client/dev/report-hmr-latency.js:13
[  190425ms] [LOG] [Fast Refresh] rebuilding @ webpack-internal:///(app-pages-browser)/../../../../sorento_crm_frontend/node_modules/next/dist/client/dev/hot-reloader/app/hot-reloader-app.js:196
[  191481ms] [LOG] [Fast Refresh] done in 1055ms @ webpack-internal:///(app-pages-browser)/../../../../sorento_crm_frontend/node_modules/next/dist/client/dev/report-hmr-latency.js:13
[  225780ms] [LOG] [Fast Refresh] rebuilding @ webpack-internal:///(app-pages-browser)/../../../../sorento_crm_frontend/node_modules/next/dist/client/dev/hot-reloader/app/hot-reloader-app.js:196
[  226808ms] [LOG] [Fast Refresh] done in 1028ms @ webpack-internal:///(app-pages-browser)/../../../../sorento_crm_frontend/node_modules/next/dist/client/dev/report-hmr-latency.js:13
[  231736ms] [LOG] [Fast Refresh] rebuilding @ webpack-internal:///(app-pages-browser)/../../../../sorento_crm_frontend/node_modules/next/dist/client/dev/hot-reloader/app/hot-reloader-app.js:196
[  232711ms] [LOG] [Fast Refresh] done in 974ms @ webpack-internal:///(app-pages-browser)/../../../../sorento_crm_frontend/node_modules/next/dist/client/dev/report-hmr-latency.js:13
[  238570ms] [LOG] [Fast Refresh] rebuilding @ webpack-internal:///(app-pages-browser)/../../../../sorento_crm_frontend/node_modules/next/dist/client/dev/hot-reloader/app/hot-reloader-app.js:196
[  239113ms] [LOG] [Fast Refresh] done in 543ms @ webpack-internal:///(app-pages-browser)/../../../../sorento_crm_frontend/node_modules/next/dist/client/dev/report-hmr-latency.js:13
[  246719ms] [LOG] [Fast Refresh] rebuilding @ webpack-internal:///(app-pages-browser)/../../../../sorento_crm_frontend/node_modules/next/dist/client/dev/hot-reloader/app/hot-reloader-app.js:196
[  247574ms] [LOG] [Fast Refresh] done in 855ms @ webpack-internal:///(app-pages-browser)/../../../../sorento_crm_frontend/node_modules/next/dist/client/dev/report-hmr-latency.js:13
[  255011ms] [LOG] [Fast Refresh] rebuilding @ webpack-internal:///(app-pages-browser)/../../../../sorento_crm_frontend/node_modules/next/dist/client/dev/hot-reloader/app/hot-reloader-app.js:196
[  255521ms] [LOG] [Fast Refresh] done in 510ms @ webpack-internal:///(app-pages-browser)/../../../../sorento_crm_frontend/node_modules/next/dist/client/dev/report-hmr-latency.js:13
[  262515ms] [LOG] [Fast Refresh] rebuilding @ webpack-internal:///(app-pages-browser)/../../../../sorento_crm_frontend/node_modules/next/dist/client/dev/hot-reloader/app/hot-reloader-app.js:196
[  263080ms] [LOG] [Fast Refresh] done in 566ms @ webpack-internal:///(app-pages-browser)/../../../../sorento_crm_frontend/node_modules/next/dist/client/dev/report-hmr-latency.js:13
[  285572ms] [LOG] [Fast Refresh] rebuilding @ webpack-internal:///(app-pages-browser)/../../../../sorento_crm_frontend/node_modules/next/dist/client/dev/hot-reloader/app/hot-reloader-app.js:196
[  286175ms] [LOG] [Fast Refresh] done in 602ms @ webpack-internal:///(app-pages-browser)/../../../../sorento_crm_frontend/node_modules/next/dist/client/dev/report-hmr-latency.js:13
[  286486ms] [LOG] [Fast Refresh] rebuilding @ webpack-internal:///(app-pages-browser)/../../../../sorento_crm_frontend/node_modules/next/dist/client/dev/hot-reloader/app/hot-reloader-app.js:196
[  286958ms] [LOG] [Fast Refresh] done in 471ms @ webpack-internal:///(app-pages-browser)/../../../../sorento_crm_frontend/node_modules/next/dist/client/dev/report-hmr-latency.js:13
[  287038ms] [LOG] [Fast Refresh] rebuilding @ webpack-internal:///(app-pages-browser)/../../../../sorento_crm_frontend/node_modules/next/dist/client/dev/hot-reloader/app/hot-reloader-app.js:196
[  287850ms] [LOG] [Fast Refresh] done in 813ms @ webpack-internal:///(app-pages-browser)/../../../../sorento_crm_frontend/node_modules/next/dist/client/dev/report-hmr-latency.js:13
[  294660ms] [LOG] [Fast Refresh] rebuilding @ webpack-internal:///(app-pages-browser)/../../../../sorento_crm_frontend/node_modules/next/dist/client/dev/hot-reloader/app/hot-reloader-app.js:196
[  295386ms] [LOG] [Fast Refresh] rebuilding @ webpack-internal:///(app-pages-browser)/../../../../sorento_crm_frontend/node_modules/next/dist/client/dev/hot-reloader/app/hot-reloader-app.js:196
[  295401ms] [LOG] [Fast Refresh] done in 14ms @ webpack-internal:///(app-pages-browser)/../../../../sorento_crm_frontend/node_modules/next/dist/client/dev/report-hmr-latency.js:13
[  296063ms] [LOG] [Fast Refresh] done in 677ms @ webpack-internal:///(app-pages-browser)/../../../../sorento_crm_frontend/node_modules/next/dist/client/dev/report-hmr-latency.js:13
[  307628ms] [LOG] [Fast Refresh] rebuilding @ webpack-internal:///(app-pages-browser)/../../../../sorento_crm_frontend/node_modules/next/dist/client/dev/hot-reloader/app/hot-reloader-app.js:196
[  308291ms] [LOG] [Fast Refresh] done in 662ms @ webpack-internal:///(app-pages-browser)/../../../../sorento_crm_frontend/node_modules/next/dist/client/dev/report-hmr-latency.js:13
[  308509ms] [LOG] [Fast Refresh] rebuilding @ webpack-internal:///(app-pages-browser)/../../../../sorento_crm_frontend/node_modules/next/dist/client/dev/hot-reloader/app/hot-reloader-app.js:196
[  309471ms] [LOG] [Fast Refresh] done in 962ms @ webpack-internal:///(app-pages-browser)/../../../../sorento_crm_frontend/node_modules/next/dist/client/dev/report-hmr-latency.js:13
[  332529ms] [LOG] [Fast Refresh] rebuilding @ webpack-internal:///(app-pages-browser)/../../../../sorento_crm_frontend/node_modules/next/dist/client/dev/hot-reloader/app/hot-reloader-app.js:196
[  333284ms] [LOG] [Fast Refresh] done in 756ms @ webpack-internal:///(app-pages-browser)/../../../../sorento_crm_frontend/node_modules/next/dist/client/dev/report-hmr-latency.js:13
[  333715ms] [LOG] [Fast Refresh] rebuilding @ webpack-internal:///(app-pages-browser)/../../../../sorento_crm_frontend/node_modules/next/dist/client/dev/hot-reloader/app/hot-reloader-app.js:196
[  334188ms] [LOG] [Fast Refresh] done in 473ms @ webpack-internal:///(app-pages-browser)/../../../../sorento_crm_frontend/node_modules/next/dist/client/dev/report-hmr-latency.js:13
[  342490ms] [LOG] [Fast Refresh] rebuilding @ webpack-internal:///(app-pages-browser)/../../../../sorento_crm_frontend/node_modules/next/dist/client/dev/hot-reloader/app/hot-reloader-app.js:196
[  343740ms] [LOG] [Fast Refresh] done in 1251ms @ webpack-internal:///(app-pages-browser)/../../../../sorento_crm_frontend/node_modules/next/dist/client/dev/report-hmr-latency.js:13
[  344167ms] [LOG] [Fast Refresh] rebuilding @ webpack-internal:///(app-pages-browser)/../../../../sorento_crm_frontend/node_modules/next/dist/client/dev/hot-reloader/app/hot-reloader-app.js:196
[  345391ms] [LOG] [Fast Refresh] done in 1224ms @ webpack-internal:///(app-pages-browser)/../../../../sorento_crm_frontend/node_modules/next/dist/client/dev/report-hmr-latency.js:13
