[    3088ms] [INFO] %cDownload the React DevTools for a better development experience: https://react.dev/link/react-devtools font-weight:bold @ webpack-internal:///(app-pages-browser)/../../../../sorento_crm_frontend/node_modules/next/dist/compiled/react-dom/cjs/react-dom-client.development.js:25630
[    4076ms] [LOG] i18next: languageChanged en-GB @ webpack-internal:///(app-pages-browser)/../../../../sorento_crm_frontend/node_modules/i18next/dist/esm/i18next.js:223
[    4077ms] [LOG] i18next: initialized {debug: true, initAsync: true, ns: Array(1), defaultNS: Array(1), fallbackLng: Array(1)} @ webpack-internal:///(app-pages-browser)/../../../../sorento_crm_frontend/node_modules/i18next/dist/esm/i18next.js:223
[ 1131957ms] [LOG] [Fast Refresh] rebuilding @ webpack-internal:///(app-pages-browser)/../../../../sorento_crm_frontend/node_modules/next/dist/client/dev/hot-reloader/app/hot-reloader-app.js:196
[ 1134462ms] [LOG] [Fast Refresh] done in 2509ms @ webpack-internal:///(app-pages-browser)/../../../../sorento_crm_frontend/node_modules/next/dist/client/dev/report-hmr-latency.js:13
[ 1160587ms] [LOG] [Fast Refresh] rebuilding @ webpack-internal:///(app-pages-browser)/../../../../sorento_crm_frontend/node_modules/next/dist/client/dev/hot-reloader/app/hot-reloader-app.js:196
[ 1161339ms] [LOG] [Fast Refresh] done in 751ms @ webpack-internal:///(app-pages-browser)/../../../../sorento_crm_frontend/node_modules/next/dist/client/dev/report-hmr-latency.js:13
[ 1175481ms] [LOG] [Fast Refresh] rebuilding @ webpack-internal:///(app-pages-browser)/../../../../sorento_crm_frontend/node_modules/next/dist/client/dev/hot-reloader/app/hot-reloader-app.js:196
[ 1177129ms] [ERROR] ./app/(protected)/master-data-management/product-specifications/components/SpecKeyEditor.tsx:11:1
Module not found: Can't resolve '../lib/readable'
   9 | import SpecRuleEditor from './SpecRuleEditor';
  10 | import TokenInput from './TokenInput';
> 11 | import { readable } from '../lib/readable';
     | ^
  12 | import type { SpecDerivationRule, SpecRegistryKey } from '../types/productSpec.types';
  13 |
  14 | /**

https://nextjs.org/docs/messages/module-not-found

Import trace for requested module:
./app/(protected)/master-data-management/product-specifications/components/SpecRegistryTable.tsx
./app/(protected)/master-data-management/product-specifications/components/SpecWorkbench.tsx @ webpack-internal:///(app-pages-browser)/../../../../sorento_crm_frontend/node_modules/next/dist/next-devtools/userspace/app/errors/intercept-console-error.js:56
[ 1177164ms] [LOG] {file: Object} @ webpack-internal:///(app-pages-browser)/../../../../sorento_crm_frontend/node_modules/next/dist/compiled/next-devtools/index.js:1630
[ 1177691ms] [ERROR] ./app/(protected)/master-data-management/product-specifications/components/SpecKeyEditor.tsx:11:1
Module not found: Can't resolve '../lib/readable'
   9 | import SpecRuleEditor from './SpecRuleEditor';
  10 | import TokenInput from './TokenInput';
> 11 | import { readable } from '../lib/readable';
     | ^
  12 | import type { SpecDerivationRule, SpecRegistryKey } from '../types/productSpec.types';
  13 |
  14 | /**

https://nextjs.org/docs/messages/module-not-found

Import trace for requested module:
./app/(protected)/master-data-management/product-specifications/components/SpecRegistryTable.tsx
./app/(protected)/master-data-management/product-specifications/components/SpecWorkbench.tsx @ webpack-internal:///(app-pages-browser)/../../../../sorento_crm_frontend/node_modules/next/dist/next-devtools/userspace/app/errors/intercept-console-error.js:56
[ 1187910ms] [ERROR] ./app/(protected)/master-data-management/product-specifications/components/SpecKeyEditor.tsx:11:1
Module not found: Can't resolve '../lib/readable'
   9 | import SpecRuleEditor from './SpecRuleEditor';
  10 | import TokenInput from './TokenInput';
> 11 | import { readable } from '../lib/readable';
     | ^
  12 | import type { SpecDerivationRule, SpecRegistryKey } from '../types/productSpec.types';
  13 |
  14 | /**

https://nextjs.org/docs/messages/module-not-found

Import trace for requested module:
./app/(protected)/master-data-management/product-specifications/components/SpecRegistryTable.tsx
./app/(protected)/master-data-management/product-specifications/components/SpecWorkbench.tsx @ webpack-internal:///(app-pages-browser)/../../../../sorento_crm_frontend/node_modules/next/dist/next-devtools/userspace/app/errors/intercept-console-error.js:56
[ 1188573ms] [LOG] [Fast Refresh] done in 13093ms @ webpack-internal:///(app-pages-browser)/../../../../sorento_crm_frontend/node_modules/next/dist/client/dev/report-hmr-latency.js:13
[ 1198949ms] [LOG] [Fast Refresh] rebuilding @ webpack-internal:///(app-pages-browser)/../../../../sorento_crm_frontend/node_modules/next/dist/client/dev/hot-reloader/app/hot-reloader-app.js:196
[ 1203190ms] [LOG] [Fast Refresh] done in 4241ms @ webpack-internal:///(app-pages-browser)/../../../../sorento_crm_frontend/node_modules/next/dist/client/dev/report-hmr-latency.js:13
[ 1227399ms] [LOG] [Fast Refresh] rebuilding @ webpack-internal:///(app-pages-browser)/../../../../sorento_crm_frontend/node_modules/next/dist/client/dev/hot-reloader/app/hot-reloader-app.js:196
[ 1228649ms] [LOG] [Fast Refresh] done in 1250ms @ webpack-internal:///(app-pages-browser)/../../../../sorento_crm_frontend/node_modules/next/dist/client/dev/report-hmr-latency.js:13
