[    1145ms] [INFO] %cDownload the React DevTools for a better development experience: https://react.dev/link/react-devtools font-weight:bold @ webpack-internal:///(app-pages-browser)/../../../../sorento_crm_frontend/node_modules/next/dist/compiled/react-dom/cjs/react-dom-client.development.js:25630
[    1509ms] [LOG] i18next: languageChanged en-GB @ webpack-internal:///(app-pages-browser)/../../../../sorento_crm_frontend/node_modules/i18next/dist/esm/i18next.js:223
[    1509ms] [LOG] i18next: initialized {debug: true, initAsync: true, ns: Array(1), defaultNS: Array(1), fallbackLng: Array(1)} @ webpack-internal:///(app-pages-browser)/../../../../sorento_crm_frontend/node_modules/i18next/dist/esm/i18next.js:223
[ 3915901ms] [ERROR] Failed to load resource: net::ERR_NETWORK_CHANGED @ http://localhost:8011/api/v1/resource-management/upload-activity?scope=me:0
[ 3915910ms] [ERROR] Failed to load resource: net::ERR_NETWORK_CHANGED @ http://localhost:8011/api/v1/notifications/unread-count?include_archived=false:0
[13347195ms] [ERROR] Failed to load resource: the server responded with a status of 401 (Unauthorized) @ http://localhost:8011/api/v1/system/companies/my-context:0
[13347266ms] [ERROR] Failed to load resource: the server responded with a status of 401 (Unauthorized) @ http://localhost:8011/api/v1/system/modules/me:0
[13347267ms] [ERROR] Failed to load resource: the server responded with a status of 401 (Unauthorized) @ http://localhost:8011/api/v1/user-management/users/me/permissions:0
[13347268ms] [ERROR] Failed to load resource: the server responded with a status of 401 (Unauthorized) @ http://localhost:8011/api/v1/downloads?limit=50:0
[13347596ms] [ERROR] Failed to load resource: the server responded with a status of 401 (Unauthorized) @ http://localhost:8011/api/v1/workflow-forms/definitions/published-for-submission:0
[13347706ms] [ERROR] Failed to load resource: the server responded with a status of 401 (Unauthorized) @ http://localhost:8011/api/v1/user-management/quick-access/:0
[13347707ms] [ERROR] Failed to load resource: the server responded with a status of 401 (Unauthorized) @ http://localhost:8011/api/v1/notifications/unread-count?include_archived=false:0
[13347718ms] [ERROR] Failed to load resource: the server responded with a status of 401 (Unauthorized) @ http://localhost:8011/api/v1/resource-management/upload-activity?scope=me:0
[13355694ms] [ERROR] Failed to load resource: the server responded with a status of 401 (Unauthorized) @ http://localhost:8011/api/v1/system/companies/my-context:0
[13355707ms] [ERROR] Failed to load resource: the server responded with a status of 401 (Unauthorized) @ http://localhost:8011/api/v1/user-management/users/me/permissions:0
[13355750ms] [ERROR] Failed to load resource: the server responded with a status of 401 (Unauthorized) @ http://localhost:8011/api/v1/system/modules/me:0
[13355750ms] [ERROR] Failed to load resource: the server responded with a status of 401 (Unauthorized) @ http://localhost:8011/api/v1/downloads?limit=50:0
[13355758ms] [ERROR] Failed to load resource: the server responded with a status of 401 (Unauthorized) @ http://localhost:8011/api/v1/notifications/unread-count?include_archived=false:0
[13355759ms] [ERROR] Failed to load resource: the server responded with a status of 401 (Unauthorized) @ http://localhost:8011/api/v1/resource-management/upload-activity?scope=me:0
[13355985ms] [ERROR] Failed to load resource: the server responded with a status of 401 (Unauthorized) @ http://localhost:8011/api/v1/user-management/quick-access/:0
[13374967ms] [INFO] %cDownload the React DevTools for a better development experience: https://react.dev/link/react-devtools font-weight:bold @ webpack-internal:///(app-pages-browser)/../../../../sorento_crm_frontend/node_modules/next/dist/compiled/react-dom/cjs/react-dom-client.development.js:25630
[13376374ms] [LOG] i18next: languageChanged en-GB @ webpack-internal:///(app-pages-browser)/../../../../sorento_crm_frontend/node_modules/i18next/dist/esm/i18next.js:223
[13376374ms] [LOG] i18next: initialized {debug: true, initAsync: true, ns: Array(1), defaultNS: Array(1), fallbackLng: Array(1)} @ webpack-internal:///(app-pages-browser)/../../../../sorento_crm_frontend/node_modules/i18next/dist/esm/i18next.js:223
[13376520ms] [VERBOSE] [DOM] Input elements should have autocomplete attributes (suggested: "current-password"): (More info: https://goo.gl/9p2vKq) %o @ http://localhost:3020/signin?callbackUrl=%2Fmaster-data-management%2Fproduct-specifications:0
