[    1416ms] [INFO] %cDownload the React DevTools for a better development experience: https://react.dev/link/react-devtools font-weight:bold @ webpack-internal:///(app-pages-browser)/../../../../sorento_crm_frontend/node_modules/next/dist/compiled/react-dom/cjs/react-dom-client.development.js:25630
[    2581ms] [LOG] i18next: languageChanged en-GB @ webpack-internal:///(app-pages-browser)/../../../../sorento_crm_frontend/node_modules/i18next/dist/esm/i18next.js:223
[    2582ms] [LOG] i18next: initialized {debug: true, initAsync: true, ns: Array(1), defaultNS: Array(1), fallbackLng: Array(1)} @ webpack-internal:///(app-pages-browser)/../../../../sorento_crm_frontend/node_modules/i18next/dist/esm/i18next.js:223
[ 6119264ms] [ERROR] Failed to load resource: the server responded with a status of 401 (Unauthorized) @ http://localhost:8011/api/v1/resource-management/upload-activity?scope=me:0
[ 6120096ms] [LOG] [Fast Refresh] rebuilding @ webpack-internal:///(app-pages-browser)/../../../../sorento_crm_frontend/node_modules/next/dist/client/dev/hot-reloader/app/hot-reloader-app.js:196
[ 6121260ms] [LOG] [Fast Refresh] done in 1164ms @ webpack-internal:///(app-pages-browser)/../../../../sorento_crm_frontend/node_modules/next/dist/client/dev/report-hmr-latency.js:13
[ 6121825ms] [INFO] %cDownload the React DevTools for a better development experience: https://react.dev/link/react-devtools font-weight:bold @ webpack-internal:///(app-pages-browser)/../../../../sorento_crm_frontend/node_modules/next/dist/compiled/react-dom/cjs/react-dom-client.development.js:25630
[ 6122192ms] [LOG] i18next: languageChanged en-GB @ webpack-internal:///(app-pages-browser)/../../../../sorento_crm_frontend/node_modules/i18next/dist/esm/i18next.js:223
[ 6122192ms] [LOG] i18next: initialized {debug: true, initAsync: true, ns: Array(1), defaultNS: Array(1), fallbackLng: Array(1)} @ webpack-internal:///(app-pages-browser)/../../../../sorento_crm_frontend/node_modules/i18next/dist/esm/i18next.js:223
[ 6122290ms] [VERBOSE] [DOM] Input elements should have autocomplete attributes (suggested: "current-password"): (More info: https://goo.gl/9p2vKq) %o @ http://localhost:3020/signin?callbackUrl=%2Fmaster-data-management%2Fproduct-specifications:0
[ 8562374ms] [LOG] [Fast Refresh] rebuilding @ webpack-internal:///(app-pages-browser)/../../../../sorento_crm_frontend/node_modules/next/dist/client/dev/hot-reloader/app/hot-reloader-app.js:196
[ 8563518ms] [LOG] [Fast Refresh] done in 1160ms @ webpack-internal:///(app-pages-browser)/../../../../sorento_crm_frontend/node_modules/next/dist/client/dev/report-hmr-latency.js:13
[ 8575962ms] [LOG] [Fast Refresh] rebuilding @ webpack-internal:///(app-pages-browser)/../../../../sorento_crm_frontend/node_modules/next/dist/client/dev/hot-reloader/app/hot-reloader-app.js:196
[ 8576678ms] [LOG] [Fast Refresh] done in 716ms @ webpack-internal:///(app-pages-browser)/../../../../sorento_crm_frontend/node_modules/next/dist/client/dev/report-hmr-latency.js:13
[ 8605368ms] [LOG] [Fast Refresh] rebuilding @ webpack-internal:///(app-pages-browser)/../../../../sorento_crm_frontend/node_modules/next/dist/client/dev/hot-reloader/app/hot-reloader-app.js:196
[ 8606516ms] [LOG] [Fast Refresh] done in 1149ms @ webpack-internal:///(app-pages-browser)/../../../../sorento_crm_frontend/node_modules/next/dist/client/dev/report-hmr-latency.js:13
[ 8633649ms] [LOG] [Fast Refresh] rebuilding @ webpack-internal:///(app-pages-browser)/../../../../sorento_crm_frontend/node_modules/next/dist/client/dev/hot-reloader/app/hot-reloader-app.js:196
[ 8634526ms] [LOG] [Fast Refresh] done in 877ms @ webpack-internal:///(app-pages-browser)/../../../../sorento_crm_frontend/node_modules/next/dist/client/dev/report-hmr-latency.js:13
[ 8676864ms] [LOG] [Fast Refresh] rebuilding @ webpack-internal:///(app-pages-browser)/../../../../sorento_crm_frontend/node_modules/next/dist/client/dev/hot-reloader/app/hot-reloader-app.js:196
[ 8677549ms] [LOG] [Fast Refresh] done in 684ms @ webpack-internal:///(app-pages-browser)/../../../../sorento_crm_frontend/node_modules/next/dist/client/dev/report-hmr-latency.js:13
[ 8755777ms] [LOG] [Fast Refresh] rebuilding @ webpack-internal:///(app-pages-browser)/../../../../sorento_crm_frontend/node_modules/next/dist/client/dev/hot-reloader/app/hot-reloader-app.js:196
[ 8756681ms] [LOG] [Fast Refresh] done in 904ms @ webpack-internal:///(app-pages-browser)/../../../../sorento_crm_frontend/node_modules/next/dist/client/dev/report-hmr-latency.js:13
[ 8814627ms] [LOG] [Fast Refresh] rebuilding @ webpack-internal:///(app-pages-browser)/../../../../sorento_crm_frontend/node_modules/next/dist/client/dev/hot-reloader/app/hot-reloader-app.js:196
[ 8815666ms] [LOG] [Fast Refresh] done in 1039ms @ webpack-internal:///(app-pages-browser)/../../../../sorento_crm_frontend/node_modules/next/dist/client/dev/report-hmr-latency.js:13
[ 8825616ms] [LOG] [Fast Refresh] rebuilding @ webpack-internal:///(app-pages-browser)/../../../../sorento_crm_frontend/node_modules/next/dist/client/dev/hot-reloader/app/hot-reloader-app.js:196
[ 8826432ms] [LOG] [Fast Refresh] done in 817ms @ webpack-internal:///(app-pages-browser)/../../../../sorento_crm_frontend/node_modules/next/dist/client/dev/report-hmr-latency.js:13
[ 8842440ms] [LOG] [Fast Refresh] rebuilding @ webpack-internal:///(app-pages-browser)/../../../../sorento_crm_frontend/node_modules/next/dist/client/dev/hot-reloader/app/hot-reloader-app.js:196
[ 8843048ms] [LOG] [Fast Refresh] done in 609ms @ webpack-internal:///(app-pages-browser)/../../../../sorento_crm_frontend/node_modules/next/dist/client/dev/report-hmr-latency.js:13
[ 8891829ms] [LOG] [Fast Refresh] rebuilding @ webpack-internal:///(app-pages-browser)/../../../../sorento_crm_frontend/node_modules/next/dist/client/dev/hot-reloader/app/hot-reloader-app.js:196
[ 8892645ms] [LOG] [Fast Refresh] done in 816ms @ webpack-internal:///(app-pages-browser)/../../../../sorento_crm_frontend/node_modules/next/dist/client/dev/report-hmr-latency.js:13
